/home/airflow/.local/lib/python3.12/site-packages/airflow/metrics/base_stats_logger.py:22 RemovedInAirflow3Warning: Timer and timing metrics publish in seconds were deprecated. It is enabled by default from Airflow 3 onwards. Enable timer_unit_consistency to publish all the timer and timing metrics in milliseconds.
/home/airflow/.local/lib/python3.12/site-packages/airflow/triggers/base.py:27 RemovedInAirflow3Warning: Timer and timing metrics publish in seconds were deprecated. It is enabled by default from Airflow 3 onwards. Enable timer_unit_consistency to publish all the timer and timing metrics in milliseconds.
[2026-09-14T10:25:44.628+0000] {plugins.py:37} INFO - setup plugin alembic.autogenerate.schemas
[2026-09-14T10:25:44.629+0000] {plugins.py:37} INFO - setup plugin alembic.autogenerate.tables
[2026-09-14T10:25:44.629+0000] {plugins.py:37} INFO - setup plugin alembic.autogenerate.types
[2026-09-14T10:25:44.629+0000] {plugins.py:37} INFO - setup plugin alembic.autogenerate.constraints
[2026-09-14T10:25:44.629+0000] {plugins.py:37} INFO - setup plugin alembic.autogenerate.defaults
[2026-09-14T10:25:44.629+0000] {plugins.py:37} INFO - setup plugin alembic.autogenerate.comments
[2026-09-14T10:25:44.880+0000] {dagbag.py:588} INFO - Filling up the DagBag from /opt/airflow/dags
[2026-09-14T10:25:48.468+0000] {executor_loader.py:258} INFO - Loaded executor: SequentialExecutor
[2026-09-14T10:25:48.514+0000] {base_executor.py:169} INFO - Adding to queue: ['airflow', 'tasks', 'run', 'sdag_ingesta_diaria', 'esperar_fichero', 'backfill__2026-09-02T00:00:00+00:00', '--depends-on-past', 'ignore', '--local', '--pool', 'default_pool', '--subdir', 'DAGS_FOLDER/sdag_ingesta_diaria.py', '--cfg-path', '/tmp/tmpem3typhc']
[2026-09-14T10:25:48.530+0000] {sequential_executor.py:84} INFO - Executing command: ['airflow', 'tasks', 'run', 'sdag_ingesta_diaria', 'esperar_fichero', 'backfill__2026-09-02T00:00:00+00:00', '--depends-on-past', 'ignore', '--local', '--pool', 'default_pool', '--subdir', 'DAGS_FOLDER/sdag_ingesta_diaria.py', '--cfg-path', '/tmp/tmpem3typhc']
/home/airflow/.local/lib/python3.12/site-packages/airflow/metrics/base_stats_logger.py:22 RemovedInAirflow3Warning: Timer and timing metrics publish in seconds were deprecated. It is enabled by default from Airflow 3 onwards. Enable timer_unit_consistency to publish all the timer and timing metrics in milliseconds.
/home/airflow/.local/lib/python3.12/site-packages/airflow/triggers/base.py:27 RemovedInAirflow3Warning: Timer and timing metrics publish in seconds were deprecated. It is enabled by default from Airflow 3 onwards. Enable timer_unit_consistency to publish all the timer and timing metrics in milliseconds.
[2026-09-14T10:25:50.853+0000] {dagbag.py:588} INFO - Filling up the DagBag from /opt/airflow/dags/sdag_ingesta_diaria.py
[2026-09-14T10:25:54.604+0000] {task_command.py:467} INFO - Running <TaskInstance: sdag_ingesta_diaria.esperar_fichero backfill__2026-09-02T00:00:00+00:00 [queued]> on host a99e07d6339f
[2026-09-14T10:25:55.999+0000] {backfill_job_runner.py:464} INFO - [backfill progress] | finished run 0 of 3 | tasks waiting: 4 | succeeded: 1 | running: 0 | failed: 0 | skipped: 0 | deadlocked: 0 | not ready: 4
[2026-09-14T10:25:57.022+0000] {base_executor.py:169} INFO - Adding to queue: ['airflow', 'tasks', 'run', 'sdag_ingesta_diaria', 'cargar_staging', 'backfill__2026-09-02T00:00:00+00:00', '--depends-on-past', 'ignore', '--local', '--pool', 'default_pool', '--subdir', 'DAGS_FOLDER/sdag_ingesta_diaria.py', '--cfg-path', '/tmp/tmpi6n_hnt6']
[2026-09-14T10:25:57.042+0000] {sequential_executor.py:84} INFO - Executing command: ['airflow', 'tasks', 'run', 'sdag_ingesta_diaria', 'cargar_staging', 'backfill__2026-09-02T00:00:00+00:00', '--depends-on-past', 'ignore', '--local', '--pool', 'default_pool', '--subdir', 'DAGS_FOLDER/sdag_ingesta_diaria.py', '--cfg-path', '/tmp/tmpi6n_hnt6']
/home/airflow/.local/lib/python3.12/site-packages/airflow/metrics/base_stats_logger.py:22 RemovedInAirflow3Warning: Timer and timing metrics publish in seconds were deprecated. It is enabled by default from Airflow 3 onwards. Enable timer_unit_consistency to publish all the timer and timing metrics in milliseconds.
/home/airflow/.local/lib/python3.12/site-packages/airflow/triggers/base.py:27 RemovedInAirflow3Warning: Timer and timing metrics publish in seconds were deprecated. It is enabled by default from Airflow 3 onwards. Enable timer_unit_consistency to publish all the timer and timing metrics in milliseconds.
[2026-09-14T10:25:59.274+0000] {dagbag.py:588} INFO - Filling up the DagBag from /opt/airflow/dags/sdag_ingesta_diaria.py
[2026-09-14T10:26:03.059+0000] {task_command.py:467} INFO - Running <TaskInstance: sdag_ingesta_diaria.cargar_staging backfill__2026-09-02T00:00:00+00:00 [queued]> on host a99e07d6339f
[2026-09-14T10:26:09.872+0000] {backfill_job_runner.py:303} WARNING - TaskInstanceKey(dag_id='sdag_ingesta_diaria', task_id='cargar_staging', run_id='backfill__2026-09-02T00:00:00+00:00', try_number=2, map_index=-1) state success not in running=dict_values([<TaskInstance: sdag_ingesta_diaria.cargar_staging backfill__2026-09-02T00:00:00+00:00 [queued]>])
[2026-09-14T10:26:09.877+0000] {backfill_job_runner.py:464} INFO - [backfill progress] | finished run 0 of 3 | tasks waiting: 3 | succeeded: 2 | running: 0 | failed: 0 | skipped: 0 | deadlocked: 0 | not ready: 3
[2026-09-14T10:26:10.908+0000] {base_executor.py:169} INFO - Adding to queue: ['airflow', 'tasks', 'run', 'sdag_ingesta_diaria', 'validar_staging', 'backfill__2026-09-02T00:00:00+00:00', '--depends-on-past', 'ignore', '--local', '--pool', 'default_pool', '--subdir', 'DAGS_FOLDER/sdag_ingesta_diaria.py', '--cfg-path', '/tmp/tmpsq_tft50']
[2026-09-14T10:26:10.932+0000] {job.py:229} INFO - Heartbeat recovered after 13.89 seconds
[2026-09-14T10:26:10.933+0000] {sequential_executor.py:84} INFO - Executing command: ['airflow', 'tasks', 'run', 'sdag_ingesta_diaria', 'validar_staging', 'backfill__2026-09-02T00:00:00+00:00', '--depends-on-past', 'ignore', '--local', '--pool', 'default_pool', '--subdir', 'DAGS_FOLDER/sdag_ingesta_diaria.py', '--cfg-path', '/tmp/tmpsq_tft50']
/home/airflow/.local/lib/python3.12/site-packages/airflow/metrics/base_stats_logger.py:22 RemovedInAirflow3Warning: Timer and timing metrics publish in seconds were deprecated. It is enabled by default from Airflow 3 onwards. Enable timer_unit_consistency to publish all the timer and timing metrics in milliseconds.
/home/airflow/.local/lib/python3.12/site-packages/airflow/triggers/base.py:27 RemovedInAirflow3Warning: Timer and timing metrics publish in seconds were deprecated. It is enabled by default from Airflow 3 onwards. Enable timer_unit_consistency to publish all the timer and timing metrics in milliseconds.
[2026-09-14T10:26:13.067+0000] {dagbag.py:588} INFO - Filling up the DagBag from /opt/airflow/dags/sdag_ingesta_diaria.py
[2026-09-14T10:26:16.698+0000] {task_command.py:467} INFO - Running <TaskInstance: sdag_ingesta_diaria.validar_staging backfill__2026-09-02T00:00:00+00:00 [queued]> on host a99e07d6339f
[2026-09-14T10:26:19.569+0000] {backfill_job_runner.py:303} WARNING - TaskInstanceKey(dag_id='sdag_ingesta_diaria', task_id='validar_staging', run_id='backfill__2026-09-02T00:00:00+00:00', try_number=2, map_index=-1) state success not in running=dict_values([<TaskInstance: sdag_ingesta_diaria.validar_staging backfill__2026-09-02T00:00:00+00:00 [queued]>])
[2026-09-14T10:26:19.575+0000] {backfill_job_runner.py:464} INFO - [backfill progress] | finished run 0 of 3 | tasks waiting: 2 | succeeded: 3 | running: 0 | failed: 0 | skipped: 0 | deadlocked: 0 | not ready: 2
[2026-09-14T10:26:20.611+0000] {base_executor.py:169} INFO - Adding to queue: ['airflow', 'tasks', 'run', 'sdag_ingesta_diaria', 'merge_al_destino', 'backfill__2026-09-02T00:00:00+00:00', '--depends-on-past', 'ignore', '--local', '--pool', 'default_pool', '--subdir', 'DAGS_FOLDER/sdag_ingesta_diaria.py', '--cfg-path', '/tmp/tmphvaiy8li']
[2026-09-14T10:26:20.635+0000] {sequential_executor.py:84} INFO - Executing command: ['airflow', 'tasks', 'run', 'sdag_ingesta_diaria', 'merge_al_destino', 'backfill__2026-09-02T00:00:00+00:00', '--depends-on-past', 'ignore', '--local', '--pool', 'default_pool', '--subdir', 'DAGS_FOLDER/sdag_ingesta_diaria.py', '--cfg-path', '/tmp/tmphvaiy8li']
/home/airflow/.local/lib/python3.12/site-packages/airflow/metrics/base_stats_logger.py:22 RemovedInAirflow3Warning: Timer and timing metrics publish in seconds were deprecated. It is enabled by default from Airflow 3 onwards. Enable timer_unit_consistency to publish all the timer and timing metrics in milliseconds.
/home/airflow/.local/lib/python3.12/site-packages/airflow/triggers/base.py:27 RemovedInAirflow3Warning: Timer and timing metrics publish in seconds were deprecated. It is enabled by default from Airflow 3 onwards. Enable timer_unit_consistency to publish all the timer and timing metrics in milliseconds.
[2026-09-14T10:26:22.983+0000] {dagbag.py:588} INFO - Filling up the DagBag from /opt/airflow/dags/sdag_ingesta_diaria.py
[2026-09-14T10:26:27.102+0000] {task_command.py:467} INFO - Running <TaskInstance: sdag_ingesta_diaria.merge_al_destino backfill__2026-09-02T00:00:00+00:00 [queued]> on host a99e07d6339f
[2026-09-14T10:26:31.003+0000] {backfill_job_runner.py:303} WARNING - TaskInstanceKey(dag_id='sdag_ingesta_diaria', task_id='merge_al_destino', run_id='backfill__2026-09-02T00:00:00+00:00', try_number=2, map_index=-1) state success not in running=dict_values([<TaskInstance: sdag_ingesta_diaria.merge_al_destino backfill__2026-09-02T00:00:00+00:00 [queued]>])
[2026-09-14T10:26:31.013+0000] {backfill_job_runner.py:464} INFO - [backfill progress] | finished run 0 of 3 | tasks waiting: 1 | succeeded: 4 | running: 0 | failed: 0 | skipped: 0 | deadlocked: 0 | not ready: 1
[2026-09-14T10:26:32.046+0000] {base_executor.py:169} INFO - Adding to queue: ['airflow', 'tasks', 'run', 'sdag_ingesta_diaria', 'comprobar_destino', 'backfill__2026-09-02T00:00:00+00:00', '--depends-on-past', 'ignore', '--local', '--pool', 'default_pool', '--subdir', 'DAGS_FOLDER/sdag_ingesta_diaria.py', '--cfg-path', '/tmp/tmp3u0_hb61']
[2026-09-14T10:26:32.054+0000] {job.py:229} INFO - Heartbeat recovered after 11.42 seconds
[2026-09-14T10:26:32.055+0000] {sequential_executor.py:84} INFO - Executing command: ['airflow', 'tasks', 'run', 'sdag_ingesta_diaria', 'comprobar_destino', 'backfill__2026-09-02T00:00:00+00:00', '--depends-on-past', 'ignore', '--local', '--pool', 'default_pool', '--subdir', 'DAGS_FOLDER/sdag_ingesta_diaria.py', '--cfg-path', '/tmp/tmp3u0_hb61']
/home/airflow/.local/lib/python3.12/site-packages/airflow/metrics/base_stats_logger.py:22 RemovedInAirflow3Warning: Timer and timing metrics publish in seconds were deprecated. It is enabled by default from Airflow 3 onwards. Enable timer_unit_consistency to publish all the timer and timing metrics in milliseconds.
/home/airflow/.local/lib/python3.12/site-packages/airflow/triggers/base.py:27 RemovedInAirflow3Warning: Timer and timing metrics publish in seconds were deprecated. It is enabled by default from Airflow 3 onwards. Enable timer_unit_consistency to publish all the timer and timing metrics in milliseconds.
[2026-09-14T10:26:34.274+0000] {dagbag.py:588} INFO - Filling up the DagBag from /opt/airflow/dags/sdag_ingesta_diaria.py
[2026-09-14T10:26:38.071+0000] {task_command.py:467} INFO - Running <TaskInstance: sdag_ingesta_diaria.comprobar_destino backfill__2026-09-02T00:00:00+00:00 [queued]> on host a99e07d6339f
[2026-09-14T10:26:40.958+0000] {backfill_job_runner.py:303} WARNING - TaskInstanceKey(dag_id='sdag_ingesta_diaria', task_id='comprobar_destino', run_id='backfill__2026-09-02T00:00:00+00:00', try_number=2, map_index=-1) state success not in running=dict_values([<TaskInstance: sdag_ingesta_diaria.comprobar_destino backfill__2026-09-02T00:00:00+00:00 [queued]>])
[2026-09-14T10:26:40.962+0000] {dagrun.py:854} INFO - Marking run <DagRun sdag_ingesta_diaria @ 2026-09-02 00:00:00+00:00: backfill__2026-09-02T00:00:00+00:00, state:running, queued_at: 2026-09-14 10:25:48.442478+00:00. externally triggered: False> successful
[2026-09-14T10:26:40.962+0000] {dagrun.py:905} INFO - DagRun Finished: dag_id=sdag_ingesta_diaria, execution_date=2026-09-02 00:00:00+00:00, run_id=backfill__2026-09-02T00:00:00+00:00, run_start_date=2026-09-14 10:25:48.472611+00:00, run_end_date=2026-09-14 10:26:40.962804+00:00, run_duration=52.490193, state=success, external_trigger=False, run_type=backfill, data_interval_start=2026-09-02 00:00:00+00:00, data_interval_end=2026-09-03 00:00:00+00:00, dag_hash=None
[2026-09-14T10:26:40.963+0000] {backfill_job_runner.py:464} INFO - [backfill progress] | finished run 1 of 3 | tasks waiting: 0 | succeeded: 5 | running: 0 | failed: 0 | skipped: 0 | deadlocked: 0 | not ready: 0
[2026-09-14T10:26:41.968+0000] {backfill_job_runner.py:1028} INFO - max_active_runs limit for dag sdag_ingesta_diaria has been reached  - waiting for other dag runs to finish
[2026-09-14T10:26:43.026+0000] {base_executor.py:169} INFO - Adding to queue: ['airflow', 'tasks', 'run', 'sdag_ingesta_diaria', 'esperar_fichero', 'backfill__2026-09-03T00:00:00+00:00', '--local', '--pool', 'default_pool', '--subdir', 'DAGS_FOLDER/sdag_ingesta_diaria.py', '--cfg-path', '/tmp/tmph7llv3gz']
[2026-09-14T10:26:43.056+0000] {job.py:229} INFO - Heartbeat recovered after 11.01 seconds
[2026-09-14T10:26:43.056+0000] {sequential_executor.py:84} INFO - Executing command: ['airflow', 'tasks', 'run', 'sdag_ingesta_diaria', 'esperar_fichero', 'backfill__2026-09-03T00:00:00+00:00', '--local', '--pool', 'default_pool', '--subdir', 'DAGS_FOLDER/sdag_ingesta_diaria.py', '--cfg-path', '/tmp/tmph7llv3gz']
/home/airflow/.local/lib/python3.12/site-packages/airflow/metrics/base_stats_logger.py:22 RemovedInAirflow3Warning: Timer and timing metrics publish in seconds were deprecated. It is enabled by default from Airflow 3 onwards. Enable timer_unit_consistency to publish all the timer and timing metrics in milliseconds.
/home/airflow/.local/lib/python3.12/site-packages/airflow/triggers/base.py:27 RemovedInAirflow3Warning: Timer and timing metrics publish in seconds were deprecated. It is enabled by default from Airflow 3 onwards. Enable timer_unit_consistency to publish all the timer and timing metrics in milliseconds.
[2026-09-14T10:26:45.192+0000] {dagbag.py:588} INFO - Filling up the DagBag from /opt/airflow/dags/sdag_ingesta_diaria.py
[2026-09-14T10:26:48.972+0000] {task_command.py:467} INFO - Running <TaskInstance: sdag_ingesta_diaria.esperar_fichero backfill__2026-09-03T00:00:00+00:00 [queued]> on host a99e07d6339f
[2026-09-14T10:26:50.251+0000] {backfill_job_runner.py:464} INFO - [backfill progress] | finished run 1 of 3 | tasks waiting: 4 | succeeded: 6 | running: 0 | failed: 0 | skipped: 0 | deadlocked: 0 | not ready: 4
[2026-09-14T10:26:51.283+0000] {base_executor.py:169} INFO - Adding to queue: ['airflow', 'tasks', 'run', 'sdag_ingesta_diaria', 'cargar_staging', 'backfill__2026-09-03T00:00:00+00:00', '--local', '--pool', 'default_pool', '--subdir', 'DAGS_FOLDER/sdag_ingesta_diaria.py', '--cfg-path', '/tmp/tmpglc0i10z']
[2026-09-14T10:26:51.320+0000] {sequential_executor.py:84} INFO - Executing command: ['airflow', 'tasks', 'run', 'sdag_ingesta_diaria', 'cargar_staging', 'backfill__2026-09-03T00:00:00+00:00', '--local', '--pool', 'default_pool', '--subdir', 'DAGS_FOLDER/sdag_ingesta_diaria.py', '--cfg-path', '/tmp/tmpglc0i10z']
/home/airflow/.local/lib/python3.12/site-packages/airflow/metrics/base_stats_logger.py:22 RemovedInAirflow3Warning: Timer and timing metrics publish in seconds were deprecated. It is enabled by default from Airflow 3 onwards. Enable timer_unit_consistency to publish all the timer and timing metrics in milliseconds.
/home/airflow/.local/lib/python3.12/site-packages/airflow/triggers/base.py:27 RemovedInAirflow3Warning: Timer and timing metrics publish in seconds were deprecated. It is enabled by default from Airflow 3 onwards. Enable timer_unit_consistency to publish all the timer and timing metrics in milliseconds.
[2026-09-14T10:26:53.534+0000] {dagbag.py:588} INFO - Filling up the DagBag from /opt/airflow/dags/sdag_ingesta_diaria.py
[2026-09-14T10:26:57.286+0000] {task_command.py:467} INFO - Running <TaskInstance: sdag_ingesta_diaria.cargar_staging backfill__2026-09-03T00:00:00+00:00 [queued]> on host a99e07d6339f
[2026-09-14T10:27:00.837+0000] {backfill_job_runner.py:303} WARNING - TaskInstanceKey(dag_id='sdag_ingesta_diaria', task_id='cargar_staging', run_id='backfill__2026-09-03T00:00:00+00:00', try_number=4, map_index=-1) state success not in running=dict_values([<TaskInstance: sdag_ingesta_diaria.cargar_staging backfill__2026-09-03T00:00:00+00:00 [queued]>])
[2026-09-14T10:27:00.850+0000] {backfill_job_runner.py:464} INFO - [backfill progress] | finished run 1 of 3 | tasks waiting: 3 | succeeded: 7 | running: 0 | failed: 0 | skipped: 0 | deadlocked: 0 | not ready: 3
[2026-09-14T10:27:01.883+0000] {base_executor.py:169} INFO - Adding to queue: ['airflow', 'tasks', 'run', 'sdag_ingesta_diaria', 'validar_staging', 'backfill__2026-09-03T00:00:00+00:00', '--local', '--pool', 'default_pool', '--subdir', 'DAGS_FOLDER/sdag_ingesta_diaria.py', '--cfg-path', '/tmp/tmppkdbdiwx']
[2026-09-14T10:27:01.909+0000] {job.py:229} INFO - Heartbeat recovered after 10.59 seconds
[2026-09-14T10:27:01.910+0000] {sequential_executor.py:84} INFO - Executing command: ['airflow', 'tasks', 'run', 'sdag_ingesta_diaria', 'validar_staging', 'backfill__2026-09-03T00:00:00+00:00', '--local', '--pool', 'default_pool', '--subdir', 'DAGS_FOLDER/sdag_ingesta_diaria.py', '--cfg-path', '/tmp/tmppkdbdiwx']
/home/airflow/.local/lib/python3.12/site-packages/airflow/metrics/base_stats_logger.py:22 RemovedInAirflow3Warning: Timer and timing metrics publish in seconds were deprecated. It is enabled by default from Airflow 3 onwards. Enable timer_unit_consistency to publish all the timer and timing metrics in milliseconds.
/home/airflow/.local/lib/python3.12/site-packages/airflow/triggers/base.py:27 RemovedInAirflow3Warning: Timer and timing metrics publish in seconds were deprecated. It is enabled by default from Airflow 3 onwards. Enable timer_unit_consistency to publish all the timer and timing metrics in milliseconds.
[2026-09-14T10:27:04.198+0000] {dagbag.py:588} INFO - Filling up the DagBag from /opt/airflow/dags/sdag_ingesta_diaria.py
[2026-09-14T10:27:08.134+0000] {task_command.py:467} INFO - Running <TaskInstance: sdag_ingesta_diaria.validar_staging backfill__2026-09-03T00:00:00+00:00 [queued]> on host a99e07d6339f
[2026-09-14T10:27:10.994+0000] {backfill_job_runner.py:303} WARNING - TaskInstanceKey(dag_id='sdag_ingesta_diaria', task_id='validar_staging', run_id='backfill__2026-09-03T00:00:00+00:00', try_number=4, map_index=-1) state success not in running=dict_values([<TaskInstance: sdag_ingesta_diaria.validar_staging backfill__2026-09-03T00:00:00+00:00 [queued]>])
[2026-09-14T10:27:10.999+0000] {backfill_job_runner.py:464} INFO - [backfill progress] | finished run 1 of 3 | tasks waiting: 2 | succeeded: 8 | running: 0 | failed: 0 | skipped: 0 | deadlocked: 0 | not ready: 2
[2026-09-14T10:27:12.035+0000] {base_executor.py:169} INFO - Adding to queue: ['airflow', 'tasks', 'run', 'sdag_ingesta_diaria', 'merge_al_destino', 'backfill__2026-09-03T00:00:00+00:00', '--local', '--pool', 'default_pool', '--subdir', 'DAGS_FOLDER/sdag_ingesta_diaria.py', '--cfg-path', '/tmp/tmpfjn_q627']
[2026-09-14T10:27:12.055+0000] {sequential_executor.py:84} INFO - Executing command: ['airflow', 'tasks', 'run', 'sdag_ingesta_diaria', 'merge_al_destino', 'backfill__2026-09-03T00:00:00+00:00', '--local', '--pool', 'default_pool', '--subdir', 'DAGS_FOLDER/sdag_ingesta_diaria.py', '--cfg-path', '/tmp/tmpfjn_q627']
/home/airflow/.local/lib/python3.12/site-packages/airflow/metrics/base_stats_logger.py:22 RemovedInAirflow3Warning: Timer and timing metrics publish in seconds were deprecated. It is enabled by default from Airflow 3 onwards. Enable timer_unit_consistency to publish all the timer and timing metrics in milliseconds.
/home/airflow/.local/lib/python3.12/site-packages/airflow/triggers/base.py:27 RemovedInAirflow3Warning: Timer and timing metrics publish in seconds were deprecated. It is enabled by default from Airflow 3 onwards. Enable timer_unit_consistency to publish all the timer and timing metrics in milliseconds.
[2026-09-14T10:27:14.285+0000] {dagbag.py:588} INFO - Filling up the DagBag from /opt/airflow/dags/sdag_ingesta_diaria.py
[2026-09-14T10:27:18.126+0000] {task_command.py:467} INFO - Running <TaskInstance: sdag_ingesta_diaria.merge_al_destino backfill__2026-09-03T00:00:00+00:00 [queued]> on host a99e07d6339f
[2026-09-14T10:27:21.965+0000] {backfill_job_runner.py:303} WARNING - TaskInstanceKey(dag_id='sdag_ingesta_diaria', task_id='merge_al_destino', run_id='backfill__2026-09-03T00:00:00+00:00', try_number=6, map_index=-1) state success not in running=dict_values([<TaskInstance: sdag_ingesta_diaria.merge_al_destino backfill__2026-09-03T00:00:00+00:00 [queued]>])
[2026-09-14T10:27:21.974+0000] {backfill_job_runner.py:464} INFO - [backfill progress] | finished run 1 of 3 | tasks waiting: 1 | succeeded: 9 | running: 0 | failed: 0 | skipped: 0 | deadlocked: 0 | not ready: 1
[2026-09-14T10:27:23.008+0000] {base_executor.py:169} INFO - Adding to queue: ['airflow', 'tasks', 'run', 'sdag_ingesta_diaria', 'comprobar_destino', 'backfill__2026-09-03T00:00:00+00:00', '--local', '--pool', 'default_pool', '--subdir', 'DAGS_FOLDER/sdag_ingesta_diaria.py', '--cfg-path', '/tmp/tmpe_871hm1']
[2026-09-14T10:27:23.017+0000] {job.py:229} INFO - Heartbeat recovered after 10.97 seconds
[2026-09-14T10:27:23.018+0000] {sequential_executor.py:84} INFO - Executing command: ['airflow', 'tasks', 'run', 'sdag_ingesta_diaria', 'comprobar_destino', 'backfill__2026-09-03T00:00:00+00:00', '--local', '--pool', 'default_pool', '--subdir', 'DAGS_FOLDER/sdag_ingesta_diaria.py', '--cfg-path', '/tmp/tmpe_871hm1']
/home/airflow/.local/lib/python3.12/site-packages/airflow/metrics/base_stats_logger.py:22 RemovedInAirflow3Warning: Timer and timing metrics publish in seconds were deprecated. It is enabled by default from Airflow 3 onwards. Enable timer_unit_consistency to publish all the timer and timing metrics in milliseconds.
/home/airflow/.local/lib/python3.12/site-packages/airflow/triggers/base.py:27 RemovedInAirflow3Warning: Timer and timing metrics publish in seconds were deprecated. It is enabled by default from Airflow 3 onwards. Enable timer_unit_consistency to publish all the timer and timing metrics in milliseconds.
[2026-09-14T10:27:25.162+0000] {dagbag.py:588} INFO - Filling up the DagBag from /opt/airflow/dags/sdag_ingesta_diaria.py
[2026-09-14T10:27:28.832+0000] {task_command.py:467} INFO - Running <TaskInstance: sdag_ingesta_diaria.comprobar_destino backfill__2026-09-03T00:00:00+00:00 [queued]> on host a99e07d6339f
[2026-09-14T10:27:31.689+0000] {backfill_job_runner.py:303} WARNING - TaskInstanceKey(dag_id='sdag_ingesta_diaria', task_id='comprobar_destino', run_id='backfill__2026-09-03T00:00:00+00:00', try_number=3, map_index=-1) state success not in running=dict_values([<TaskInstance: sdag_ingesta_diaria.comprobar_destino backfill__2026-09-03T00:00:00+00:00 [queued]>])
[2026-09-14T10:27:31.700+0000] {dagrun.py:854} INFO - Marking run <DagRun sdag_ingesta_diaria @ 2026-09-03 00:00:00+00:00: backfill__2026-09-03T00:00:00+00:00, state:running, queued_at: 2026-09-14 10:25:48.442513+00:00. externally triggered: False> successful
[2026-09-14T10:27:31.701+0000] {dagrun.py:905} INFO - DagRun Finished: dag_id=sdag_ingesta_diaria, execution_date=2026-09-03 00:00:00+00:00, run_id=backfill__2026-09-03T00:00:00+00:00, run_start_date=2026-09-14 10:26:42.976725+00:00, run_end_date=2026-09-14 10:27:31.701470+00:00, run_duration=48.724745, state=success, external_trigger=False, run_type=backfill, data_interval_start=2026-09-03 00:00:00+00:00, data_interval_end=2026-09-04 00:00:00+00:00, dag_hash=None
[2026-09-14T10:27:31.703+0000] {backfill_job_runner.py:464} INFO - [backfill progress] | finished run 2 of 3 | tasks waiting: 0 | succeeded: 10 | running: 0 | failed: 0 | skipped: 0 | deadlocked: 0 | not ready: 0
[2026-09-14T10:27:32.711+0000] {backfill_job_runner.py:1028} INFO - max_active_runs limit for dag sdag_ingesta_diaria has been reached  - waiting for other dag runs to finish
[2026-09-14T10:27:33.766+0000] {base_executor.py:169} INFO - Adding to queue: ['airflow', 'tasks', 'run', 'sdag_ingesta_diaria', 'esperar_fichero', 'backfill__2026-09-04T00:00:00+00:00', '--local', '--pool', 'default_pool', '--subdir', 'DAGS_FOLDER/sdag_ingesta_diaria.py', '--cfg-path', '/tmp/tmpqqa6vl7w']
[2026-09-14T10:27:33.799+0000] {job.py:229} INFO - Heartbeat recovered after 10.79 seconds
[2026-09-14T10:27:33.799+0000] {sequential_executor.py:84} INFO - Executing command: ['airflow', 'tasks', 'run', 'sdag_ingesta_diaria', 'esperar_fichero', 'backfill__2026-09-04T00:00:00+00:00', '--local', '--pool', 'default_pool', '--subdir', 'DAGS_FOLDER/sdag_ingesta_diaria.py', '--cfg-path', '/tmp/tmpqqa6vl7w']
/home/airflow/.local/lib/python3.12/site-packages/airflow/metrics/base_stats_logger.py:22 RemovedInAirflow3Warning: Timer and timing metrics publish in seconds were deprecated. It is enabled by default from Airflow 3 onwards. Enable timer_unit_consistency to publish all the timer and timing metrics in milliseconds.
/home/airflow/.local/lib/python3.12/site-packages/airflow/triggers/base.py:27 RemovedInAirflow3Warning: Timer and timing metrics publish in seconds were deprecated. It is enabled by default from Airflow 3 onwards. Enable timer_unit_consistency to publish all the timer and timing metrics in milliseconds.
[2026-09-14T10:27:35.862+0000] {dagbag.py:588} INFO - Filling up the DagBag from /opt/airflow/dags/sdag_ingesta_diaria.py
[2026-09-14T10:27:39.515+0000] {task_command.py:467} INFO - Running <TaskInstance: sdag_ingesta_diaria.esperar_fichero backfill__2026-09-04T00:00:00+00:00 [queued]> on host a99e07d6339f
[2026-09-14T10:27:40.942+0000] {backfill_job_runner.py:464} INFO - [backfill progress] | finished run 2 of 3 | tasks waiting: 4 | succeeded: 11 | running: 0 | failed: 0 | skipped: 0 | deadlocked: 0 | not ready: 4
[2026-09-14T10:27:41.973+0000] {base_executor.py:169} INFO - Adding to queue: ['airflow', 'tasks', 'run', 'sdag_ingesta_diaria', 'cargar_staging', 'backfill__2026-09-04T00:00:00+00:00', '--local', '--pool', 'default_pool', '--subdir', 'DAGS_FOLDER/sdag_ingesta_diaria.py', '--cfg-path', '/tmp/tmp3dtj_4xy']
[2026-09-14T10:27:42.005+0000] {sequential_executor.py:84} INFO - Executing command: ['airflow', 'tasks', 'run', 'sdag_ingesta_diaria', 'cargar_staging', 'backfill__2026-09-04T00:00:00+00:00', '--local', '--pool', 'default_pool', '--subdir', 'DAGS_FOLDER/sdag_ingesta_diaria.py', '--cfg-path', '/tmp/tmp3dtj_4xy']
/home/airflow/.local/lib/python3.12/site-packages/airflow/metrics/base_stats_logger.py:22 RemovedInAirflow3Warning: Timer and timing metrics publish in seconds were deprecated. It is enabled by default from Airflow 3 onwards. Enable timer_unit_consistency to publish all the timer and timing metrics in milliseconds.
/home/airflow/.local/lib/python3.12/site-packages/airflow/triggers/base.py:27 RemovedInAirflow3Warning: Timer and timing metrics publish in seconds were deprecated. It is enabled by default from Airflow 3 onwards. Enable timer_unit_consistency to publish all the timer and timing metrics in milliseconds.
[2026-09-14T10:27:44.219+0000] {dagbag.py:588} INFO - Filling up the DagBag from /opt/airflow/dags/sdag_ingesta_diaria.py
[2026-09-14T10:27:47.967+0000] {task_command.py:467} INFO - Running <TaskInstance: sdag_ingesta_diaria.cargar_staging backfill__2026-09-04T00:00:00+00:00 [queued]> on host a99e07d6339f
[2026-09-14T10:27:52.640+0000] {backfill_job_runner.py:303} WARNING - TaskInstanceKey(dag_id='sdag_ingesta_diaria', task_id='cargar_staging', run_id='backfill__2026-09-04T00:00:00+00:00', try_number=2, map_index=-1) state success not in running=dict_values([<TaskInstance: sdag_ingesta_diaria.cargar_staging backfill__2026-09-04T00:00:00+00:00 [queued]>])
[2026-09-14T10:27:52.652+0000] {backfill_job_runner.py:464} INFO - [backfill progress] | finished run 2 of 3 | tasks waiting: 3 | succeeded: 12 | running: 0 | failed: 0 | skipped: 0 | deadlocked: 0 | not ready: 3
[2026-09-14T10:27:53.685+0000] {base_executor.py:169} INFO - Adding to queue: ['airflow', 'tasks', 'run', 'sdag_ingesta_diaria', 'validar_staging', 'backfill__2026-09-04T00:00:00+00:00', '--local', '--pool', 'default_pool', '--subdir', 'DAGS_FOLDER/sdag_ingesta_diaria.py', '--cfg-path', '/tmp/tmpskuob5se']
[2026-09-14T10:27:53.713+0000] {job.py:229} INFO - Heartbeat recovered after 11.71 seconds
[2026-09-14T10:27:53.714+0000] {sequential_executor.py:84} INFO - Executing command: ['airflow', 'tasks', 'run', 'sdag_ingesta_diaria', 'validar_staging', 'backfill__2026-09-04T00:00:00+00:00', '--local', '--pool', 'default_pool', '--subdir', 'DAGS_FOLDER/sdag_ingesta_diaria.py', '--cfg-path', '/tmp/tmpskuob5se']
/home/airflow/.local/lib/python3.12/site-packages/airflow/metrics/base_stats_logger.py:22 RemovedInAirflow3Warning: Timer and timing metrics publish in seconds were deprecated. It is enabled by default from Airflow 3 onwards. Enable timer_unit_consistency to publish all the timer and timing metrics in milliseconds.
/home/airflow/.local/lib/python3.12/site-packages/airflow/triggers/base.py:27 RemovedInAirflow3Warning: Timer and timing metrics publish in seconds were deprecated. It is enabled by default from Airflow 3 onwards. Enable timer_unit_consistency to publish all the timer and timing metrics in milliseconds.
[2026-09-14T10:27:56.038+0000] {dagbag.py:588} INFO - Filling up the DagBag from /opt/airflow/dags/sdag_ingesta_diaria.py
[2026-09-14T10:27:59.742+0000] {task_command.py:467} INFO - Running <TaskInstance: sdag_ingesta_diaria.validar_staging backfill__2026-09-04T00:00:00+00:00 [queued]> on host a99e07d6339f
[2026-09-14T10:28:02.697+0000] {backfill_job_runner.py:303} WARNING - TaskInstanceKey(dag_id='sdag_ingesta_diaria', task_id='validar_staging', run_id='backfill__2026-09-04T00:00:00+00:00', try_number=2, map_index=-1) state success not in running=dict_values([<TaskInstance: sdag_ingesta_diaria.validar_staging backfill__2026-09-04T00:00:00+00:00 [queued]>])
[2026-09-14T10:28:02.704+0000] {backfill_job_runner.py:464} INFO - [backfill progress] | finished run 2 of 3 | tasks waiting: 2 | succeeded: 13 | running: 0 | failed: 0 | skipped: 0 | deadlocked: 0 | not ready: 2
[2026-09-14T10:28:03.736+0000] {base_executor.py:169} INFO - Adding to queue: ['airflow', 'tasks', 'run', 'sdag_ingesta_diaria', 'merge_al_destino', 'backfill__2026-09-04T00:00:00+00:00', '--local', '--pool', 'default_pool', '--subdir', 'DAGS_FOLDER/sdag_ingesta_diaria.py', '--cfg-path', '/tmp/tmp5v_3fuk2']
[2026-09-14T10:28:03.759+0000] {sequential_executor.py:84} INFO - Executing command: ['airflow', 'tasks', 'run', 'sdag_ingesta_diaria', 'merge_al_destino', 'backfill__2026-09-04T00:00:00+00:00', '--local', '--pool', 'default_pool', '--subdir', 'DAGS_FOLDER/sdag_ingesta_diaria.py', '--cfg-path', '/tmp/tmp5v_3fuk2']
/home/airflow/.local/lib/python3.12/site-packages/airflow/metrics/base_stats_logger.py:22 RemovedInAirflow3Warning: Timer and timing metrics publish in seconds were deprecated. It is enabled by default from Airflow 3 onwards. Enable timer_unit_consistency to publish all the timer and timing metrics in milliseconds.
/home/airflow/.local/lib/python3.12/site-packages/airflow/triggers/base.py:27 RemovedInAirflow3Warning: Timer and timing metrics publish in seconds were deprecated. It is enabled by default from Airflow 3 onwards. Enable timer_unit_consistency to publish all the timer and timing metrics in milliseconds.
[2026-09-14T10:28:05.975+0000] {dagbag.py:588} INFO - Filling up the DagBag from /opt/airflow/dags/sdag_ingesta_diaria.py
[2026-09-14T10:28:09.786+0000] {task_command.py:467} INFO - Running <TaskInstance: sdag_ingesta_diaria.merge_al_destino backfill__2026-09-04T00:00:00+00:00 [queued]> on host a99e07d6339f
[2026-09-14T10:28:13.858+0000] {backfill_job_runner.py:303} WARNING - TaskInstanceKey(dag_id='sdag_ingesta_diaria', task_id='merge_al_destino', run_id='backfill__2026-09-04T00:00:00+00:00', try_number=2, map_index=-1) state success not in running=dict_values([<TaskInstance: sdag_ingesta_diaria.merge_al_destino backfill__2026-09-04T00:00:00+00:00 [queued]>])
[2026-09-14T10:28:13.868+0000] {backfill_job_runner.py:464} INFO - [backfill progress] | finished run 2 of 3 | tasks waiting: 1 | succeeded: 14 | running: 0 | failed: 0 | skipped: 0 | deadlocked: 0 | not ready: 1
[2026-09-14T10:28:14.902+0000] {base_executor.py:169} INFO - Adding to queue: ['airflow', 'tasks', 'run', 'sdag_ingesta_diaria', 'comprobar_destino', 'backfill__2026-09-04T00:00:00+00:00', '--local', '--pool', 'default_pool', '--subdir', 'DAGS_FOLDER/sdag_ingesta_diaria.py', '--cfg-path', '/tmp/tmplmql7sw9']
[2026-09-14T10:28:14.911+0000] {job.py:229} INFO - Heartbeat recovered after 11.16 seconds
[2026-09-14T10:28:14.911+0000] {sequential_executor.py:84} INFO - Executing command: ['airflow', 'tasks', 'run', 'sdag_ingesta_diaria', 'comprobar_destino', 'backfill__2026-09-04T00:00:00+00:00', '--local', '--pool', 'default_pool', '--subdir', 'DAGS_FOLDER/sdag_ingesta_diaria.py', '--cfg-path', '/tmp/tmplmql7sw9']
/home/airflow/.local/lib/python3.12/site-packages/airflow/metrics/base_stats_logger.py:22 RemovedInAirflow3Warning: Timer and timing metrics publish in seconds were deprecated. It is enabled by default from Airflow 3 onwards. Enable timer_unit_consistency to publish all the timer and timing metrics in milliseconds.
/home/airflow/.local/lib/python3.12/site-packages/airflow/triggers/base.py:27 RemovedInAirflow3Warning: Timer and timing metrics publish in seconds were deprecated. It is enabled by default from Airflow 3 onwards. Enable timer_unit_consistency to publish all the timer and timing metrics in milliseconds.
[2026-09-14T10:28:17.020+0000] {dagbag.py:588} INFO - Filling up the DagBag from /opt/airflow/dags/sdag_ingesta_diaria.py
[2026-09-14T10:28:20.606+0000] {task_command.py:467} INFO - Running <TaskInstance: sdag_ingesta_diaria.comprobar_destino backfill__2026-09-04T00:00:00+00:00 [queued]> on host a99e07d6339f
[2026-09-14T10:28:23.374+0000] {backfill_job_runner.py:303} WARNING - TaskInstanceKey(dag_id='sdag_ingesta_diaria', task_id='comprobar_destino', run_id='backfill__2026-09-04T00:00:00+00:00', try_number=2, map_index=-1) state success not in running=dict_values([<TaskInstance: sdag_ingesta_diaria.comprobar_destino backfill__2026-09-04T00:00:00+00:00 [queued]>])
[2026-09-14T10:28:23.378+0000] {dagrun.py:854} INFO - Marking run <DagRun sdag_ingesta_diaria @ 2026-09-04 00:00:00+00:00: backfill__2026-09-04T00:00:00+00:00, state:running, queued_at: 2026-09-14 10:25:48.442524+00:00. externally triggered: False> successful
[2026-09-14T10:28:23.378+0000] {dagrun.py:905} INFO - DagRun Finished: dag_id=sdag_ingesta_diaria, execution_date=2026-09-04 00:00:00+00:00, run_id=backfill__2026-09-04T00:00:00+00:00, run_start_date=2026-09-14 10:27:33.719313+00:00, run_end_date=2026-09-14 10:28:23.378493+00:00, run_duration=49.65918, state=success, external_trigger=False, run_type=backfill, data_interval_start=2026-09-04 00:00:00+00:00, data_interval_end=2026-09-05 00:00:00+00:00, dag_hash=None
[2026-09-14T10:28:23.378+0000] {backfill_job_runner.py:464} INFO - [backfill progress] | finished run 3 of 3 | tasks waiting: 0 | succeeded: 15 | running: 0 | failed: 0 | skipped: 0 | deadlocked: 0 | not ready: 0
[2026-09-14T10:28:24.383+0000] {backfill_job_runner.py:1051} INFO - Backfill done for DAG <DAG: sdag_ingesta_diaria>. Exiting.
EXIT=0
