/home/airflow/.local/lib/python3.12/site-packages/airflow/metrics/base_stats_logger.py:22 RemovedInAirflow3Warning: Timer and timing metrics publish in seconds were deprecated. It is enabled by default from Airflow 3 onwards. Enable timer_unit_consistency to publish all the timer and timing metrics in milliseconds.
/home/airflow/.local/lib/python3.12/site-packages/airflow/triggers/base.py:27 RemovedInAirflow3Warning: Timer and timing metrics publish in seconds were deprecated. It is enabled by default from Airflow 3 onwards. Enable timer_unit_consistency to publish all the timer and timing metrics in milliseconds.
[2026-09-14T10:19:33.212+0000] {plugins.py:37} INFO - setup plugin alembic.autogenerate.schemas
[2026-09-14T10:19:33.213+0000] {plugins.py:37} INFO - setup plugin alembic.autogenerate.tables
[2026-09-14T10:19:33.213+0000] {plugins.py:37} INFO - setup plugin alembic.autogenerate.types
[2026-09-14T10:19:33.213+0000] {plugins.py:37} INFO - setup plugin alembic.autogenerate.constraints
[2026-09-14T10:19:33.213+0000] {plugins.py:37} INFO - setup plugin alembic.autogenerate.defaults
[2026-09-14T10:19:33.213+0000] {plugins.py:37} INFO - setup plugin alembic.autogenerate.comments
[2026-09-14T10:19:33.466+0000] {dagbag.py:588} INFO - Filling up the DagBag from /opt/airflow/dags
[2026-09-14T10:19:37.030+0000] {executor_loader.py:258} INFO - Loaded executor: SequentialExecutor
[2026-09-14T10:19:37.070+0000] {base_executor.py:169} INFO - Adding to queue: ['airflow', 'tasks', 'run', 'sdag_ingesta_diaria', 'esperar_fichero', 'backfill__2026-09-03T00:00:00+00:00', '--depends-on-past', 'ignore', '--local', '--pool', 'default_pool', '--subdir', 'DAGS_FOLDER/sdag_ingesta_diaria.py', '--cfg-path', '/tmp/tmpoxo9l5ws']
[2026-09-14T10:19:37.085+0000] {sequential_executor.py:84} INFO - Executing command: ['airflow', 'tasks', 'run', 'sdag_ingesta_diaria', 'esperar_fichero', 'backfill__2026-09-03T00:00:00+00:00', '--depends-on-past', 'ignore', '--local', '--pool', 'default_pool', '--subdir', 'DAGS_FOLDER/sdag_ingesta_diaria.py', '--cfg-path', '/tmp/tmpoxo9l5ws']
/home/airflow/.local/lib/python3.12/site-packages/airflow/metrics/base_stats_logger.py:22 RemovedInAirflow3Warning: Timer and timing metrics publish in seconds were deprecated. It is enabled by default from Airflow 3 onwards. Enable timer_unit_consistency to publish all the timer and timing metrics in milliseconds.
/home/airflow/.local/lib/python3.12/site-packages/airflow/triggers/base.py:27 RemovedInAirflow3Warning: Timer and timing metrics publish in seconds were deprecated. It is enabled by default from Airflow 3 onwards. Enable timer_unit_consistency to publish all the timer and timing metrics in milliseconds.
[2026-09-14T10:19:39.258+0000] {dagbag.py:588} INFO - Filling up the DagBag from /opt/airflow/dags/sdag_ingesta_diaria.py
[2026-09-14T10:19:43.018+0000] {task_command.py:467} INFO - Running <TaskInstance: sdag_ingesta_diaria.esperar_fichero backfill__2026-09-03T00:00:00+00:00 [queued]> on host a99e07d6339f
[2026-09-14T10:19:44.402+0000] {backfill_job_runner.py:464} INFO - [backfill progress] | finished run 0 of 1 | tasks waiting: 4 | succeeded: 1 | running: 0 | failed: 0 | skipped: 0 | deadlocked: 0 | not ready: 4
[2026-09-14T10:19:45.444+0000] {base_executor.py:169} INFO - Adding to queue: ['airflow', 'tasks', 'run', 'sdag_ingesta_diaria', 'cargar_staging', 'backfill__2026-09-03T00:00:00+00:00', '--depends-on-past', 'ignore', '--local', '--pool', 'default_pool', '--subdir', 'DAGS_FOLDER/sdag_ingesta_diaria.py', '--cfg-path', '/tmp/tmpbfw3cip8']
[2026-09-14T10:19:45.479+0000] {sequential_executor.py:84} INFO - Executing command: ['airflow', 'tasks', 'run', 'sdag_ingesta_diaria', 'cargar_staging', 'backfill__2026-09-03T00:00:00+00:00', '--depends-on-past', 'ignore', '--local', '--pool', 'default_pool', '--subdir', 'DAGS_FOLDER/sdag_ingesta_diaria.py', '--cfg-path', '/tmp/tmpbfw3cip8']
/home/airflow/.local/lib/python3.12/site-packages/airflow/metrics/base_stats_logger.py:22 RemovedInAirflow3Warning: Timer and timing metrics publish in seconds were deprecated. It is enabled by default from Airflow 3 onwards. Enable timer_unit_consistency to publish all the timer and timing metrics in milliseconds.
/home/airflow/.local/lib/python3.12/site-packages/airflow/triggers/base.py:27 RemovedInAirflow3Warning: Timer and timing metrics publish in seconds were deprecated. It is enabled by default from Airflow 3 onwards. Enable timer_unit_consistency to publish all the timer and timing metrics in milliseconds.
[2026-09-14T10:19:47.578+0000] {dagbag.py:588} INFO - Filling up the DagBag from /opt/airflow/dags/sdag_ingesta_diaria.py
[2026-09-14T10:19:51.334+0000] {task_command.py:467} INFO - Running <TaskInstance: sdag_ingesta_diaria.cargar_staging backfill__2026-09-03T00:00:00+00:00 [queued]> on host a99e07d6339f
[2026-09-14T10:19:55.553+0000] {backfill_job_runner.py:303} WARNING - TaskInstanceKey(dag_id='sdag_ingesta_diaria', task_id='cargar_staging', run_id='backfill__2026-09-03T00:00:00+00:00', try_number=3, map_index=-1) state success not in running=dict_values([<TaskInstance: sdag_ingesta_diaria.cargar_staging backfill__2026-09-03T00:00:00+00:00 [queued]>])
[2026-09-14T10:19:55.564+0000] {backfill_job_runner.py:464} INFO - [backfill progress] | finished run 0 of 1 | tasks waiting: 3 | succeeded: 2 | running: 0 | failed: 0 | skipped: 0 | deadlocked: 0 | not ready: 3
[2026-09-14T10:19:56.597+0000] {base_executor.py:169} INFO - Adding to queue: ['airflow', 'tasks', 'run', 'sdag_ingesta_diaria', 'validar_staging', 'backfill__2026-09-03T00:00:00+00:00', '--depends-on-past', 'ignore', '--local', '--pool', 'default_pool', '--subdir', 'DAGS_FOLDER/sdag_ingesta_diaria.py', '--cfg-path', '/tmp/tmpyzl53hde']
[2026-09-14T10:19:56.621+0000] {job.py:229} INFO - Heartbeat recovered after 11.15 seconds
[2026-09-14T10:19:56.622+0000] {sequential_executor.py:84} INFO - Executing command: ['airflow', 'tasks', 'run', 'sdag_ingesta_diaria', 'validar_staging', 'backfill__2026-09-03T00:00:00+00:00', '--depends-on-past', 'ignore', '--local', '--pool', 'default_pool', '--subdir', 'DAGS_FOLDER/sdag_ingesta_diaria.py', '--cfg-path', '/tmp/tmpyzl53hde']
/home/airflow/.local/lib/python3.12/site-packages/airflow/metrics/base_stats_logger.py:22 RemovedInAirflow3Warning: Timer and timing metrics publish in seconds were deprecated. It is enabled by default from Airflow 3 onwards. Enable timer_unit_consistency to publish all the timer and timing metrics in milliseconds.
/home/airflow/.local/lib/python3.12/site-packages/airflow/triggers/base.py:27 RemovedInAirflow3Warning: Timer and timing metrics publish in seconds were deprecated. It is enabled by default from Airflow 3 onwards. Enable timer_unit_consistency to publish all the timer and timing metrics in milliseconds.
[2026-09-14T10:19:58.749+0000] {dagbag.py:588} INFO - Filling up the DagBag from /opt/airflow/dags/sdag_ingesta_diaria.py
[2026-09-14T10:20:02.511+0000] {task_command.py:467} INFO - Running <TaskInstance: sdag_ingesta_diaria.validar_staging backfill__2026-09-03T00:00:00+00:00 [queued]> on host a99e07d6339f
[2026-09-14T10:20:05.359+0000] {backfill_job_runner.py:303} WARNING - TaskInstanceKey(dag_id='sdag_ingesta_diaria', task_id='validar_staging', run_id='backfill__2026-09-03T00:00:00+00:00', try_number=3, map_index=-1) state success not in running=dict_values([<TaskInstance: sdag_ingesta_diaria.validar_staging backfill__2026-09-03T00:00:00+00:00 [queued]>])
[2026-09-14T10:20:05.366+0000] {backfill_job_runner.py:464} INFO - [backfill progress] | finished run 0 of 1 | tasks waiting: 2 | succeeded: 3 | running: 0 | failed: 0 | skipped: 0 | deadlocked: 0 | not ready: 2
[2026-09-14T10:20:06.394+0000] {base_executor.py:169} INFO - Adding to queue: ['airflow', 'tasks', 'run', 'sdag_ingesta_diaria', 'merge_al_destino', 'backfill__2026-09-03T00:00:00+00:00', '--depends-on-past', 'ignore', '--local', '--pool', 'default_pool', '--subdir', 'DAGS_FOLDER/sdag_ingesta_diaria.py', '--cfg-path', '/tmp/tmpmuo8yjxj']
[2026-09-14T10:20:06.404+0000] {sequential_executor.py:84} INFO - Executing command: ['airflow', 'tasks', 'run', 'sdag_ingesta_diaria', 'merge_al_destino', 'backfill__2026-09-03T00:00:00+00:00', '--depends-on-past', 'ignore', '--local', '--pool', 'default_pool', '--subdir', 'DAGS_FOLDER/sdag_ingesta_diaria.py', '--cfg-path', '/tmp/tmpmuo8yjxj']
/home/airflow/.local/lib/python3.12/site-packages/airflow/metrics/base_stats_logger.py:22 RemovedInAirflow3Warning: Timer and timing metrics publish in seconds were deprecated. It is enabled by default from Airflow 3 onwards. Enable timer_unit_consistency to publish all the timer and timing metrics in milliseconds.
/home/airflow/.local/lib/python3.12/site-packages/airflow/triggers/base.py:27 RemovedInAirflow3Warning: Timer and timing metrics publish in seconds were deprecated. It is enabled by default from Airflow 3 onwards. Enable timer_unit_consistency to publish all the timer and timing metrics in milliseconds.
[2026-09-14T10:20:08.596+0000] {dagbag.py:588} INFO - Filling up the DagBag from /opt/airflow/dags/sdag_ingesta_diaria.py
[2026-09-14T10:20:12.320+0000] {task_command.py:467} INFO - Running <TaskInstance: sdag_ingesta_diaria.merge_al_destino backfill__2026-09-03T00:00:00+00:00 [queued]> on host a99e07d6339f
[2026-09-14T10:20:16.403+0000] {backfill_job_runner.py:303} WARNING - TaskInstanceKey(dag_id='sdag_ingesta_diaria', task_id='merge_al_destino', run_id='backfill__2026-09-03T00:00:00+00:00', try_number=5, map_index=-1) state success not in running=dict_values([<TaskInstance: sdag_ingesta_diaria.merge_al_destino backfill__2026-09-03T00:00:00+00:00 [queued]>])
[2026-09-14T10:20:16.407+0000] {backfill_job_runner.py:464} INFO - [backfill progress] | finished run 0 of 1 | tasks waiting: 1 | succeeded: 4 | running: 0 | failed: 0 | skipped: 0 | deadlocked: 0 | not ready: 1
[2026-09-14T10:20:17.439+0000] {base_executor.py:169} INFO - Adding to queue: ['airflow', 'tasks', 'run', 'sdag_ingesta_diaria', 'comprobar_destino', 'backfill__2026-09-03T00:00:00+00:00', '--depends-on-past', 'ignore', '--local', '--pool', 'default_pool', '--subdir', 'DAGS_FOLDER/sdag_ingesta_diaria.py', '--cfg-path', '/tmp/tmpx7jrfjir']
[2026-09-14T10:20:17.448+0000] {job.py:229} INFO - Heartbeat recovered after 11.05 seconds
[2026-09-14T10:20:17.448+0000] {sequential_executor.py:84} INFO - Executing command: ['airflow', 'tasks', 'run', 'sdag_ingesta_diaria', 'comprobar_destino', 'backfill__2026-09-03T00:00:00+00:00', '--depends-on-past', 'ignore', '--local', '--pool', 'default_pool', '--subdir', 'DAGS_FOLDER/sdag_ingesta_diaria.py', '--cfg-path', '/tmp/tmpx7jrfjir']
/home/airflow/.local/lib/python3.12/site-packages/airflow/metrics/base_stats_logger.py:22 RemovedInAirflow3Warning: Timer and timing metrics publish in seconds were deprecated. It is enabled by default from Airflow 3 onwards. Enable timer_unit_consistency to publish all the timer and timing metrics in milliseconds.
/home/airflow/.local/lib/python3.12/site-packages/airflow/triggers/base.py:27 RemovedInAirflow3Warning: Timer and timing metrics publish in seconds were deprecated. It is enabled by default from Airflow 3 onwards. Enable timer_unit_consistency to publish all the timer and timing metrics in milliseconds.
[2026-09-14T10:20:19.667+0000] {dagbag.py:588} INFO - Filling up the DagBag from /opt/airflow/dags/sdag_ingesta_diaria.py
[2026-09-14T10:20:23.361+0000] {task_command.py:467} INFO - Running <TaskInstance: sdag_ingesta_diaria.comprobar_destino backfill__2026-09-03T00:00:00+00:00 [queued]> on host a99e07d6339f
[2026-09-14T10:20:26.015+0000] {backfill_job_runner.py:303} WARNING - TaskInstanceKey(dag_id='sdag_ingesta_diaria', task_id='comprobar_destino', run_id='backfill__2026-09-03T00:00:00+00:00', try_number=2, map_index=-1) state success not in running=dict_values([<TaskInstance: sdag_ingesta_diaria.comprobar_destino backfill__2026-09-03T00:00:00+00:00 [queued]>])
[2026-09-14T10:20:26.022+0000] {dagrun.py:854} INFO - Marking run <DagRun sdag_ingesta_diaria @ 2026-09-03 00:00:00+00:00: backfill__2026-09-03T00:00:00+00:00, state:running, queued_at: 2026-09-14 10:19:37.009846+00:00. externally triggered: False> successful
[2026-09-14T10:20:26.024+0000] {dagrun.py:905} INFO - DagRun Finished: dag_id=sdag_ingesta_diaria, execution_date=2026-09-03 00:00:00+00:00, run_id=backfill__2026-09-03T00:00:00+00:00, run_start_date=2026-09-14 10:19:37.034863+00:00, run_end_date=2026-09-14 10:20:26.023870+00:00, run_duration=48.989007, state=success, external_trigger=False, run_type=backfill, data_interval_start=2026-09-03 00:00:00+00:00, data_interval_end=2026-09-04 00:00:00+00:00, dag_hash=None
[2026-09-14T10:20:26.025+0000] {backfill_job_runner.py:464} INFO - [backfill progress] | finished run 1 of 1 | tasks waiting: 0 | succeeded: 5 | running: 0 | failed: 0 | skipped: 0 | deadlocked: 0 | not ready: 0
[2026-09-14T10:20:27.031+0000] {backfill_job_runner.py:1051} INFO - Backfill done for DAG <DAG: sdag_ingesta_diaria>. Exiting.
EXIT=0
