/home/airflow/.local/lib/python3.12/site-packages/airflow/metrics/base_stats_logger.py:22 RemovedInAirflow3Warning: Timer and timing metrics publish in seconds were deprecated. It is enabled by default from Airflow 3 onwards. Enable timer_unit_consistency to publish all the timer and timing metrics in milliseconds.
/home/airflow/.local/lib/python3.12/site-packages/airflow/triggers/base.py:27 RemovedInAirflow3Warning: Timer and timing metrics publish in seconds were deprecated. It is enabled by default from Airflow 3 onwards. Enable timer_unit_consistency to publish all the timer and timing metrics in milliseconds.
[2026-09-14T09:58:54.729+0000] {plugins.py:37} INFO - setup plugin alembic.autogenerate.schemas
[2026-09-14T09:58:54.730+0000] {plugins.py:37} INFO - setup plugin alembic.autogenerate.tables
[2026-09-14T09:58:54.731+0000] {plugins.py:37} INFO - setup plugin alembic.autogenerate.types
[2026-09-14T09:58:54.731+0000] {plugins.py:37} INFO - setup plugin alembic.autogenerate.constraints
[2026-09-14T09:58:54.731+0000] {plugins.py:37} INFO - setup plugin alembic.autogenerate.defaults
[2026-09-14T09:58:54.731+0000] {plugins.py:37} INFO - setup plugin alembic.autogenerate.comments
[2026-09-14T09:58:55.045+0000] {dagbag.py:588} INFO - Filling up the DagBag from /opt/airflow/dags
[2026-09-14T09:58:58.665+0000] {executor_loader.py:258} INFO - Loaded executor: SequentialExecutor
[2026-09-14T09:58:58.715+0000] {base_executor.py:169} INFO - Adding to queue: ['airflow', 'tasks', 'run', 'sdag_ingesta_diaria', 'esperar_fichero', 'backfill__2026-09-02T00:00:00+00:00', '--depends-on-past', 'ignore', '--local', '--pool', 'default_pool', '--subdir', 'DAGS_FOLDER/sdag_ingesta_diaria.py', '--cfg-path', '/tmp/tmpuhd23ens']
[2026-09-14T09:58:58.730+0000] {sequential_executor.py:84} INFO - Executing command: ['airflow', 'tasks', 'run', 'sdag_ingesta_diaria', 'esperar_fichero', 'backfill__2026-09-02T00:00:00+00:00', '--depends-on-past', 'ignore', '--local', '--pool', 'default_pool', '--subdir', 'DAGS_FOLDER/sdag_ingesta_diaria.py', '--cfg-path', '/tmp/tmpuhd23ens']
/home/airflow/.local/lib/python3.12/site-packages/airflow/metrics/base_stats_logger.py:22 RemovedInAirflow3Warning: Timer and timing metrics publish in seconds were deprecated. It is enabled by default from Airflow 3 onwards. Enable timer_unit_consistency to publish all the timer and timing metrics in milliseconds.
/home/airflow/.local/lib/python3.12/site-packages/airflow/triggers/base.py:27 RemovedInAirflow3Warning: Timer and timing metrics publish in seconds were deprecated. It is enabled by default from Airflow 3 onwards. Enable timer_unit_consistency to publish all the timer and timing metrics in milliseconds.
[2026-09-14T09:59:00.925+0000] {dagbag.py:588} INFO - Filling up the DagBag from /opt/airflow/dags/sdag_ingesta_diaria.py
[2026-09-14T09:59:04.616+0000] {task_command.py:467} INFO - Running <TaskInstance: sdag_ingesta_diaria.esperar_fichero backfill__2026-09-02T00:00:00+00:00 [queued]> on host a99e07d6339f
[2026-09-14T09:59:06.087+0000] {backfill_job_runner.py:464} INFO - [backfill progress] | finished run 0 of 3 | tasks waiting: 4 | succeeded: 1 | running: 0 | failed: 0 | skipped: 0 | deadlocked: 0 | not ready: 4
[2026-09-14T09:59:07.120+0000] {base_executor.py:169} INFO - Adding to queue: ['airflow', 'tasks', 'run', 'sdag_ingesta_diaria', 'cargar_staging', 'backfill__2026-09-02T00:00:00+00:00', '--depends-on-past', 'ignore', '--local', '--pool', 'default_pool', '--subdir', 'DAGS_FOLDER/sdag_ingesta_diaria.py', '--cfg-path', '/tmp/tmpi9v3cvts']
[2026-09-14T09:59:07.155+0000] {sequential_executor.py:84} INFO - Executing command: ['airflow', 'tasks', 'run', 'sdag_ingesta_diaria', 'cargar_staging', 'backfill__2026-09-02T00:00:00+00:00', '--depends-on-past', 'ignore', '--local', '--pool', 'default_pool', '--subdir', 'DAGS_FOLDER/sdag_ingesta_diaria.py', '--cfg-path', '/tmp/tmpi9v3cvts']
/home/airflow/.local/lib/python3.12/site-packages/airflow/metrics/base_stats_logger.py:22 RemovedInAirflow3Warning: Timer and timing metrics publish in seconds were deprecated. It is enabled by default from Airflow 3 onwards. Enable timer_unit_consistency to publish all the timer and timing metrics in milliseconds.
/home/airflow/.local/lib/python3.12/site-packages/airflow/triggers/base.py:27 RemovedInAirflow3Warning: Timer and timing metrics publish in seconds were deprecated. It is enabled by default from Airflow 3 onwards. Enable timer_unit_consistency to publish all the timer and timing metrics in milliseconds.
[2026-09-14T09:59:09.270+0000] {dagbag.py:588} INFO - Filling up the DagBag from /opt/airflow/dags/sdag_ingesta_diaria.py
[2026-09-14T09:59:13.015+0000] {task_command.py:467} INFO - Running <TaskInstance: sdag_ingesta_diaria.cargar_staging backfill__2026-09-02T00:00:00+00:00 [queued]> on host a99e07d6339f
[2026-09-14T09:59:17.607+0000] {backfill_job_runner.py:303} WARNING - TaskInstanceKey(dag_id='sdag_ingesta_diaria', task_id='cargar_staging', run_id='backfill__2026-09-02T00:00:00+00:00', try_number=1, map_index=-1) state success not in running=dict_values([<TaskInstance: sdag_ingesta_diaria.cargar_staging backfill__2026-09-02T00:00:00+00:00 [queued]>])
[2026-09-14T09:59:17.619+0000] {backfill_job_runner.py:464} INFO - [backfill progress] | finished run 0 of 3 | tasks waiting: 3 | succeeded: 2 | running: 0 | failed: 0 | skipped: 0 | deadlocked: 0 | not ready: 3
[2026-09-14T09:59:18.653+0000] {base_executor.py:169} INFO - Adding to queue: ['airflow', 'tasks', 'run', 'sdag_ingesta_diaria', 'validar_staging', 'backfill__2026-09-02T00:00:00+00:00', '--depends-on-past', 'ignore', '--local', '--pool', 'default_pool', '--subdir', 'DAGS_FOLDER/sdag_ingesta_diaria.py', '--cfg-path', '/tmp/tmp6ow6wihx']
[2026-09-14T09:59:18.679+0000] {job.py:229} INFO - Heartbeat recovered after 11.53 seconds
[2026-09-14T09:59:18.680+0000] {sequential_executor.py:84} INFO - Executing command: ['airflow', 'tasks', 'run', 'sdag_ingesta_diaria', 'validar_staging', 'backfill__2026-09-02T00:00:00+00:00', '--depends-on-past', 'ignore', '--local', '--pool', 'default_pool', '--subdir', 'DAGS_FOLDER/sdag_ingesta_diaria.py', '--cfg-path', '/tmp/tmp6ow6wihx']
/home/airflow/.local/lib/python3.12/site-packages/airflow/metrics/base_stats_logger.py:22 RemovedInAirflow3Warning: Timer and timing metrics publish in seconds were deprecated. It is enabled by default from Airflow 3 onwards. Enable timer_unit_consistency to publish all the timer and timing metrics in milliseconds.
/home/airflow/.local/lib/python3.12/site-packages/airflow/triggers/base.py:27 RemovedInAirflow3Warning: Timer and timing metrics publish in seconds were deprecated. It is enabled by default from Airflow 3 onwards. Enable timer_unit_consistency to publish all the timer and timing metrics in milliseconds.
[2026-09-14T09:59:20.860+0000] {dagbag.py:588} INFO - Filling up the DagBag from /opt/airflow/dags/sdag_ingesta_diaria.py
[2026-09-14T09:59:24.544+0000] {task_command.py:467} INFO - Running <TaskInstance: sdag_ingesta_diaria.validar_staging backfill__2026-09-02T00:00:00+00:00 [queued]> on host a99e07d6339f
[2026-09-14T09:59:27.886+0000] {backfill_job_runner.py:303} WARNING - TaskInstanceKey(dag_id='sdag_ingesta_diaria', task_id='validar_staging', run_id='backfill__2026-09-02T00:00:00+00:00', try_number=1, map_index=-1) state success not in running=dict_values([<TaskInstance: sdag_ingesta_diaria.validar_staging backfill__2026-09-02T00:00:00+00:00 [queued]>])
[2026-09-14T09:59:27.898+0000] {backfill_job_runner.py:464} INFO - [backfill progress] | finished run 0 of 3 | tasks waiting: 2 | succeeded: 3 | running: 0 | failed: 0 | skipped: 0 | deadlocked: 0 | not ready: 2
[2026-09-14T09:59:28.935+0000] {base_executor.py:169} INFO - Adding to queue: ['airflow', 'tasks', 'run', 'sdag_ingesta_diaria', 'merge_al_destino', 'backfill__2026-09-02T00:00:00+00:00', '--depends-on-past', 'ignore', '--local', '--pool', 'default_pool', '--subdir', 'DAGS_FOLDER/sdag_ingesta_diaria.py', '--cfg-path', '/tmp/tmp4y1gjrof']
[2026-09-14T09:59:28.956+0000] {sequential_executor.py:84} INFO - Executing command: ['airflow', 'tasks', 'run', 'sdag_ingesta_diaria', 'merge_al_destino', 'backfill__2026-09-02T00:00:00+00:00', '--depends-on-past', 'ignore', '--local', '--pool', 'default_pool', '--subdir', 'DAGS_FOLDER/sdag_ingesta_diaria.py', '--cfg-path', '/tmp/tmp4y1gjrof']
/home/airflow/.local/lib/python3.12/site-packages/airflow/metrics/base_stats_logger.py:22 RemovedInAirflow3Warning: Timer and timing metrics publish in seconds were deprecated. It is enabled by default from Airflow 3 onwards. Enable timer_unit_consistency to publish all the timer and timing metrics in milliseconds.
/home/airflow/.local/lib/python3.12/site-packages/airflow/triggers/base.py:27 RemovedInAirflow3Warning: Timer and timing metrics publish in seconds were deprecated. It is enabled by default from Airflow 3 onwards. Enable timer_unit_consistency to publish all the timer and timing metrics in milliseconds.
[2026-09-14T09:59:31.184+0000] {dagbag.py:588} INFO - Filling up the DagBag from /opt/airflow/dags/sdag_ingesta_diaria.py
[2026-09-14T09:59:34.929+0000] {task_command.py:467} INFO - Running <TaskInstance: sdag_ingesta_diaria.merge_al_destino backfill__2026-09-02T00:00:00+00:00 [queued]> on host a99e07d6339f
[2026-09-14T09:59:38.702+0000] {backfill_job_runner.py:303} WARNING - TaskInstanceKey(dag_id='sdag_ingesta_diaria', task_id='merge_al_destino', run_id='backfill__2026-09-02T00:00:00+00:00', try_number=1, map_index=-1) state success not in running=dict_values([<TaskInstance: sdag_ingesta_diaria.merge_al_destino backfill__2026-09-02T00:00:00+00:00 [queued]>])
[2026-09-14T09:59:38.713+0000] {backfill_job_runner.py:464} INFO - [backfill progress] | finished run 0 of 3 | tasks waiting: 1 | succeeded: 4 | running: 0 | failed: 0 | skipped: 0 | deadlocked: 0 | not ready: 1
[2026-09-14T09:59:39.745+0000] {base_executor.py:169} INFO - Adding to queue: ['airflow', 'tasks', 'run', 'sdag_ingesta_diaria', 'comprobar_destino', 'backfill__2026-09-02T00:00:00+00:00', '--depends-on-past', 'ignore', '--local', '--pool', 'default_pool', '--subdir', 'DAGS_FOLDER/sdag_ingesta_diaria.py', '--cfg-path', '/tmp/tmpw681b0ns']
[2026-09-14T09:59:39.754+0000] {job.py:229} INFO - Heartbeat recovered after 10.80 seconds
[2026-09-14T09:59:39.754+0000] {sequential_executor.py:84} INFO - Executing command: ['airflow', 'tasks', 'run', 'sdag_ingesta_diaria', 'comprobar_destino', 'backfill__2026-09-02T00:00:00+00:00', '--depends-on-past', 'ignore', '--local', '--pool', 'default_pool', '--subdir', 'DAGS_FOLDER/sdag_ingesta_diaria.py', '--cfg-path', '/tmp/tmpw681b0ns']
/home/airflow/.local/lib/python3.12/site-packages/airflow/metrics/base_stats_logger.py:22 RemovedInAirflow3Warning: Timer and timing metrics publish in seconds were deprecated. It is enabled by default from Airflow 3 onwards. Enable timer_unit_consistency to publish all the timer and timing metrics in milliseconds.
/home/airflow/.local/lib/python3.12/site-packages/airflow/triggers/base.py:27 RemovedInAirflow3Warning: Timer and timing metrics publish in seconds were deprecated. It is enabled by default from Airflow 3 onwards. Enable timer_unit_consistency to publish all the timer and timing metrics in milliseconds.
[2026-09-14T09:59:41.954+0000] {dagbag.py:588} INFO - Filling up the DagBag from /opt/airflow/dags/sdag_ingesta_diaria.py
[2026-09-14T09:59:45.676+0000] {task_command.py:467} INFO - Running <TaskInstance: sdag_ingesta_diaria.comprobar_destino backfill__2026-09-02T00:00:00+00:00 [queued]> on host a99e07d6339f
[2026-09-14T09:59:48.745+0000] {backfill_job_runner.py:303} WARNING - TaskInstanceKey(dag_id='sdag_ingesta_diaria', task_id='comprobar_destino', run_id='backfill__2026-09-02T00:00:00+00:00', try_number=1, map_index=-1) state success not in running=dict_values([<TaskInstance: sdag_ingesta_diaria.comprobar_destino backfill__2026-09-02T00:00:00+00:00 [queued]>])
[2026-09-14T09:59:48.748+0000] {dagrun.py:854} INFO - Marking run <DagRun sdag_ingesta_diaria @ 2026-09-02 00:00:00+00:00: backfill__2026-09-02T00:00:00+00:00, state:running, queued_at: None. externally triggered: False> successful
[2026-09-14T09:59:48.749+0000] {dagrun.py:905} INFO - DagRun Finished: dag_id=sdag_ingesta_diaria, execution_date=2026-09-02 00:00:00+00:00, run_id=backfill__2026-09-02T00:00:00+00:00, run_start_date=2026-09-14 09:58:58.670069+00:00, run_end_date=2026-09-14 09:59:48.749346+00:00, run_duration=50.079277, state=success, external_trigger=False, run_type=backfill, data_interval_start=2026-09-02 00:00:00+00:00, data_interval_end=2026-09-03 00:00:00+00:00, dag_hash=None
[2026-09-14T09:59:48.750+0000] {backfill_job_runner.py:464} INFO - [backfill progress] | finished run 1 of 3 | tasks waiting: 0 | succeeded: 5 | running: 0 | failed: 0 | skipped: 0 | deadlocked: 0 | not ready: 0
[2026-09-14T09:59:49.754+0000] {backfill_job_runner.py:1028} INFO - max_active_runs limit for dag sdag_ingesta_diaria has been reached  - waiting for other dag runs to finish
[2026-09-14T09:59:50.813+0000] {base_executor.py:169} INFO - Adding to queue: ['airflow', 'tasks', 'run', 'sdag_ingesta_diaria', 'esperar_fichero', 'backfill__2026-09-03T00:00:00+00:00', '--local', '--pool', 'default_pool', '--subdir', 'DAGS_FOLDER/sdag_ingesta_diaria.py', '--cfg-path', '/tmp/tmp6r7ck965']
[2026-09-14T09:59:50.839+0000] {job.py:229} INFO - Heartbeat recovered after 11.09 seconds
[2026-09-14T09:59:50.841+0000] {sequential_executor.py:84} INFO - Executing command: ['airflow', 'tasks', 'run', 'sdag_ingesta_diaria', 'esperar_fichero', 'backfill__2026-09-03T00:00:00+00:00', '--local', '--pool', 'default_pool', '--subdir', 'DAGS_FOLDER/sdag_ingesta_diaria.py', '--cfg-path', '/tmp/tmp6r7ck965']
/home/airflow/.local/lib/python3.12/site-packages/airflow/metrics/base_stats_logger.py:22 RemovedInAirflow3Warning: Timer and timing metrics publish in seconds were deprecated. It is enabled by default from Airflow 3 onwards. Enable timer_unit_consistency to publish all the timer and timing metrics in milliseconds.
/home/airflow/.local/lib/python3.12/site-packages/airflow/triggers/base.py:27 RemovedInAirflow3Warning: Timer and timing metrics publish in seconds were deprecated. It is enabled by default from Airflow 3 onwards. Enable timer_unit_consistency to publish all the timer and timing metrics in milliseconds.
[2026-09-14T09:59:53.031+0000] {dagbag.py:588} INFO - Filling up the DagBag from /opt/airflow/dags/sdag_ingesta_diaria.py
[2026-09-14T09:59:56.637+0000] {task_command.py:467} INFO - Running <TaskInstance: sdag_ingesta_diaria.esperar_fichero backfill__2026-09-03T00:00:00+00:00 [queued]> on host a99e07d6339f
[2026-09-14T09:59:57.928+0000] {backfill_job_runner.py:464} INFO - [backfill progress] | finished run 1 of 3 | tasks waiting: 4 | succeeded: 6 | running: 0 | failed: 0 | skipped: 0 | deadlocked: 0 | not ready: 4
[2026-09-14T09:59:58.959+0000] {base_executor.py:169} INFO - Adding to queue: ['airflow', 'tasks', 'run', 'sdag_ingesta_diaria', 'cargar_staging', 'backfill__2026-09-03T00:00:00+00:00', '--local', '--pool', 'default_pool', '--subdir', 'DAGS_FOLDER/sdag_ingesta_diaria.py', '--cfg-path', '/tmp/tmpxkbvgulu']
[2026-09-14T09:59:58.996+0000] {sequential_executor.py:84} INFO - Executing command: ['airflow', 'tasks', 'run', 'sdag_ingesta_diaria', 'cargar_staging', 'backfill__2026-09-03T00:00:00+00:00', '--local', '--pool', 'default_pool', '--subdir', 'DAGS_FOLDER/sdag_ingesta_diaria.py', '--cfg-path', '/tmp/tmpxkbvgulu']
/home/airflow/.local/lib/python3.12/site-packages/airflow/metrics/base_stats_logger.py:22 RemovedInAirflow3Warning: Timer and timing metrics publish in seconds were deprecated. It is enabled by default from Airflow 3 onwards. Enable timer_unit_consistency to publish all the timer and timing metrics in milliseconds.
/home/airflow/.local/lib/python3.12/site-packages/airflow/triggers/base.py:27 RemovedInAirflow3Warning: Timer and timing metrics publish in seconds were deprecated. It is enabled by default from Airflow 3 onwards. Enable timer_unit_consistency to publish all the timer and timing metrics in milliseconds.
[2026-09-14T10:00:01.139+0000] {dagbag.py:588} INFO - Filling up the DagBag from /opt/airflow/dags/sdag_ingesta_diaria.py
[2026-09-14T10:00:04.978+0000] {task_command.py:467} INFO - Running <TaskInstance: sdag_ingesta_diaria.cargar_staging backfill__2026-09-03T00:00:00+00:00 [queued]> on host a99e07d6339f
[2026-09-14T10:00:16.451+0000] {backfill_job_runner.py:303} WARNING - TaskInstanceKey(dag_id='sdag_ingesta_diaria', task_id='cargar_staging', run_id='backfill__2026-09-03T00:00:00+00:00', try_number=1, map_index=-1) state success not in running=dict_values([<TaskInstance: sdag_ingesta_diaria.cargar_staging backfill__2026-09-03T00:00:00+00:00 [queued]>])
[2026-09-14T10:00:16.463+0000] {backfill_job_runner.py:464} INFO - [backfill progress] | finished run 1 of 3 | tasks waiting: 3 | succeeded: 7 | running: 0 | failed: 0 | skipped: 0 | deadlocked: 0 | not ready: 3
[2026-09-14T10:00:17.502+0000] {base_executor.py:169} INFO - Adding to queue: ['airflow', 'tasks', 'run', 'sdag_ingesta_diaria', 'validar_staging', 'backfill__2026-09-03T00:00:00+00:00', '--local', '--pool', 'default_pool', '--subdir', 'DAGS_FOLDER/sdag_ingesta_diaria.py', '--cfg-path', '/tmp/tmpeqx5sqkf']
[2026-09-14T10:00:17.531+0000] {job.py:229} INFO - Heartbeat recovered after 18.54 seconds
[2026-09-14T10:00:17.532+0000] {sequential_executor.py:84} INFO - Executing command: ['airflow', 'tasks', 'run', 'sdag_ingesta_diaria', 'validar_staging', 'backfill__2026-09-03T00:00:00+00:00', '--local', '--pool', 'default_pool', '--subdir', 'DAGS_FOLDER/sdag_ingesta_diaria.py', '--cfg-path', '/tmp/tmpeqx5sqkf']
/home/airflow/.local/lib/python3.12/site-packages/airflow/metrics/base_stats_logger.py:22 RemovedInAirflow3Warning: Timer and timing metrics publish in seconds were deprecated. It is enabled by default from Airflow 3 onwards. Enable timer_unit_consistency to publish all the timer and timing metrics in milliseconds.
/home/airflow/.local/lib/python3.12/site-packages/airflow/triggers/base.py:27 RemovedInAirflow3Warning: Timer and timing metrics publish in seconds were deprecated. It is enabled by default from Airflow 3 onwards. Enable timer_unit_consistency to publish all the timer and timing metrics in milliseconds.
[2026-09-14T10:00:19.780+0000] {dagbag.py:588} INFO - Filling up the DagBag from /opt/airflow/dags/sdag_ingesta_diaria.py
[2026-09-14T10:00:23.639+0000] {task_command.py:467} INFO - Running <TaskInstance: sdag_ingesta_diaria.validar_staging backfill__2026-09-03T00:00:00+00:00 [queued]> on host a99e07d6339f
[2026-09-14T10:00:26.797+0000] {backfill_job_runner.py:303} WARNING - TaskInstanceKey(dag_id='sdag_ingesta_diaria', task_id='validar_staging', run_id='backfill__2026-09-03T00:00:00+00:00', try_number=1, map_index=-1) state success not in running=dict_values([<TaskInstance: sdag_ingesta_diaria.validar_staging backfill__2026-09-03T00:00:00+00:00 [queued]>])
[2026-09-14T10:00:26.802+0000] {backfill_job_runner.py:464} INFO - [backfill progress] | finished run 1 of 3 | tasks waiting: 2 | succeeded: 8 | running: 0 | failed: 0 | skipped: 0 | deadlocked: 0 | not ready: 2
[2026-09-14T10:00:27.836+0000] {base_executor.py:169} INFO - Adding to queue: ['airflow', 'tasks', 'run', 'sdag_ingesta_diaria', 'merge_al_destino', 'backfill__2026-09-03T00:00:00+00:00', '--local', '--pool', 'default_pool', '--subdir', 'DAGS_FOLDER/sdag_ingesta_diaria.py', '--cfg-path', '/tmp/tmp6h7geoug']
[2026-09-14T10:00:27.857+0000] {sequential_executor.py:84} INFO - Executing command: ['airflow', 'tasks', 'run', 'sdag_ingesta_diaria', 'merge_al_destino', 'backfill__2026-09-03T00:00:00+00:00', '--local', '--pool', 'default_pool', '--subdir', 'DAGS_FOLDER/sdag_ingesta_diaria.py', '--cfg-path', '/tmp/tmp6h7geoug']
/home/airflow/.local/lib/python3.12/site-packages/airflow/metrics/base_stats_logger.py:22 RemovedInAirflow3Warning: Timer and timing metrics publish in seconds were deprecated. It is enabled by default from Airflow 3 onwards. Enable timer_unit_consistency to publish all the timer and timing metrics in milliseconds.
/home/airflow/.local/lib/python3.12/site-packages/airflow/triggers/base.py:27 RemovedInAirflow3Warning: Timer and timing metrics publish in seconds were deprecated. It is enabled by default from Airflow 3 onwards. Enable timer_unit_consistency to publish all the timer and timing metrics in milliseconds.
[2026-09-14T10:00:30.042+0000] {dagbag.py:588} INFO - Filling up the DagBag from /opt/airflow/dags/sdag_ingesta_diaria.py
[2026-09-14T10:00:33.741+0000] {task_command.py:467} INFO - Running <TaskInstance: sdag_ingesta_diaria.merge_al_destino backfill__2026-09-03T00:00:00+00:00 [queued]> on host a99e07d6339f
[2026-09-14T10:00:39.021+0000] {backfill_job_runner.py:303} WARNING - TaskInstanceKey(dag_id='sdag_ingesta_diaria', task_id='merge_al_destino', run_id='backfill__2026-09-03T00:00:00+00:00', try_number=1, map_index=-1) state success not in running=dict_values([<TaskInstance: sdag_ingesta_diaria.merge_al_destino backfill__2026-09-03T00:00:00+00:00 [queued]>])
[2026-09-14T10:00:39.027+0000] {backfill_job_runner.py:464} INFO - [backfill progress] | finished run 1 of 3 | tasks waiting: 1 | succeeded: 9 | running: 0 | failed: 0 | skipped: 0 | deadlocked: 0 | not ready: 1
[2026-09-14T10:00:40.043+0000] {base_executor.py:169} INFO - Adding to queue: ['airflow', 'tasks', 'run', 'sdag_ingesta_diaria', 'comprobar_destino', 'backfill__2026-09-03T00:00:00+00:00', '--local', '--pool', 'default_pool', '--subdir', 'DAGS_FOLDER/sdag_ingesta_diaria.py', '--cfg-path', '/tmp/tmp0bd0imf1']
[2026-09-14T10:00:40.047+0000] {job.py:229} INFO - Heartbeat recovered after 12.20 seconds
[2026-09-14T10:00:40.048+0000] {sequential_executor.py:84} INFO - Executing command: ['airflow', 'tasks', 'run', 'sdag_ingesta_diaria', 'comprobar_destino', 'backfill__2026-09-03T00:00:00+00:00', '--local', '--pool', 'default_pool', '--subdir', 'DAGS_FOLDER/sdag_ingesta_diaria.py', '--cfg-path', '/tmp/tmp0bd0imf1']
/home/airflow/.local/lib/python3.12/site-packages/airflow/metrics/base_stats_logger.py:22 RemovedInAirflow3Warning: Timer and timing metrics publish in seconds were deprecated. It is enabled by default from Airflow 3 onwards. Enable timer_unit_consistency to publish all the timer and timing metrics in milliseconds.
/home/airflow/.local/lib/python3.12/site-packages/airflow/triggers/base.py:27 RemovedInAirflow3Warning: Timer and timing metrics publish in seconds were deprecated. It is enabled by default from Airflow 3 onwards. Enable timer_unit_consistency to publish all the timer and timing metrics in milliseconds.
[2026-09-14T10:00:42.171+0000] {dagbag.py:588} INFO - Filling up the DagBag from /opt/airflow/dags/sdag_ingesta_diaria.py
[2026-09-14T10:00:45.899+0000] {task_command.py:467} INFO - Running <TaskInstance: sdag_ingesta_diaria.comprobar_destino backfill__2026-09-03T00:00:00+00:00 [queued]> on host a99e07d6339f
[2026-09-14T10:00:49.065+0000] {backfill_job_runner.py:303} WARNING - TaskInstanceKey(dag_id='sdag_ingesta_diaria', task_id='comprobar_destino', run_id='backfill__2026-09-03T00:00:00+00:00', try_number=1, map_index=-1) state success not in running=dict_values([<TaskInstance: sdag_ingesta_diaria.comprobar_destino backfill__2026-09-03T00:00:00+00:00 [queued]>])
[2026-09-14T10:00:49.073+0000] {dagrun.py:854} INFO - Marking run <DagRun sdag_ingesta_diaria @ 2026-09-03 00:00:00+00:00: backfill__2026-09-03T00:00:00+00:00, state:running, queued_at: None. externally triggered: False> successful
[2026-09-14T10:00:49.074+0000] {dagrun.py:905} INFO - DagRun Finished: dag_id=sdag_ingesta_diaria, execution_date=2026-09-03 00:00:00+00:00, run_id=backfill__2026-09-03T00:00:00+00:00, run_start_date=2026-09-14 09:59:50.763338+00:00, run_end_date=2026-09-14 10:00:49.074023+00:00, run_duration=58.310685, state=success, external_trigger=False, run_type=backfill, data_interval_start=2026-09-03 00:00:00+00:00, data_interval_end=2026-09-04 00:00:00+00:00, dag_hash=None
[2026-09-14T10:00:49.076+0000] {backfill_job_runner.py:464} INFO - [backfill progress] | finished run 2 of 3 | tasks waiting: 0 | succeeded: 10 | running: 0 | failed: 0 | skipped: 0 | deadlocked: 0 | not ready: 0
[2026-09-14T10:00:50.082+0000] {backfill_job_runner.py:1028} INFO - max_active_runs limit for dag sdag_ingesta_diaria has been reached  - waiting for other dag runs to finish
[2026-09-14T10:00:51.120+0000] {base_executor.py:169} INFO - Adding to queue: ['airflow', 'tasks', 'run', 'sdag_ingesta_diaria', 'esperar_fichero', 'backfill__2026-09-04T00:00:00+00:00', '--local', '--pool', 'default_pool', '--subdir', 'DAGS_FOLDER/sdag_ingesta_diaria.py', '--cfg-path', '/tmp/tmp5h8a6_4h']
[2026-09-14T10:00:51.145+0000] {job.py:229} INFO - Heartbeat recovered after 11.10 seconds
[2026-09-14T10:00:51.146+0000] {sequential_executor.py:84} INFO - Executing command: ['airflow', 'tasks', 'run', 'sdag_ingesta_diaria', 'esperar_fichero', 'backfill__2026-09-04T00:00:00+00:00', '--local', '--pool', 'default_pool', '--subdir', 'DAGS_FOLDER/sdag_ingesta_diaria.py', '--cfg-path', '/tmp/tmp5h8a6_4h']
/home/airflow/.local/lib/python3.12/site-packages/airflow/metrics/base_stats_logger.py:22 RemovedInAirflow3Warning: Timer and timing metrics publish in seconds were deprecated. It is enabled by default from Airflow 3 onwards. Enable timer_unit_consistency to publish all the timer and timing metrics in milliseconds.
/home/airflow/.local/lib/python3.12/site-packages/airflow/triggers/base.py:27 RemovedInAirflow3Warning: Timer and timing metrics publish in seconds were deprecated. It is enabled by default from Airflow 3 onwards. Enable timer_unit_consistency to publish all the timer and timing metrics in milliseconds.
[2026-09-14T10:00:53.222+0000] {dagbag.py:588} INFO - Filling up the DagBag from /opt/airflow/dags/sdag_ingesta_diaria.py
[2026-09-14T10:00:56.882+0000] {task_command.py:467} INFO - Running <TaskInstance: sdag_ingesta_diaria.esperar_fichero backfill__2026-09-04T00:00:00+00:00 [queued]> on host a99e07d6339f
[2026-09-14T10:00:58.951+0000] {backfill_job_runner.py:464} INFO - [backfill progress] | finished run 2 of 3 | tasks waiting: 4 | succeeded: 11 | running: 0 | failed: 0 | skipped: 0 | deadlocked: 0 | not ready: 4
[2026-09-14T10:00:59.985+0000] {base_executor.py:169} INFO - Adding to queue: ['airflow', 'tasks', 'run', 'sdag_ingesta_diaria', 'cargar_staging', 'backfill__2026-09-04T00:00:00+00:00', '--local', '--pool', 'default_pool', '--subdir', 'DAGS_FOLDER/sdag_ingesta_diaria.py', '--cfg-path', '/tmp/tmpdp58zc8d']
[2026-09-14T10:01:00.017+0000] {sequential_executor.py:84} INFO - Executing command: ['airflow', 'tasks', 'run', 'sdag_ingesta_diaria', 'cargar_staging', 'backfill__2026-09-04T00:00:00+00:00', '--local', '--pool', 'default_pool', '--subdir', 'DAGS_FOLDER/sdag_ingesta_diaria.py', '--cfg-path', '/tmp/tmpdp58zc8d']
/home/airflow/.local/lib/python3.12/site-packages/airflow/metrics/base_stats_logger.py:22 RemovedInAirflow3Warning: Timer and timing metrics publish in seconds were deprecated. It is enabled by default from Airflow 3 onwards. Enable timer_unit_consistency to publish all the timer and timing metrics in milliseconds.
/home/airflow/.local/lib/python3.12/site-packages/airflow/triggers/base.py:27 RemovedInAirflow3Warning: Timer and timing metrics publish in seconds were deprecated. It is enabled by default from Airflow 3 onwards. Enable timer_unit_consistency to publish all the timer and timing metrics in milliseconds.
[2026-09-14T10:01:02.244+0000] {dagbag.py:588} INFO - Filling up the DagBag from /opt/airflow/dags/sdag_ingesta_diaria.py
[2026-09-14T10:01:05.923+0000] {task_command.py:467} INFO - Running <TaskInstance: sdag_ingesta_diaria.cargar_staging backfill__2026-09-04T00:00:00+00:00 [queued]> on host a99e07d6339f
[2026-09-14T10:01:09.519+0000] {backfill_job_runner.py:303} WARNING - TaskInstanceKey(dag_id='sdag_ingesta_diaria', task_id='cargar_staging', run_id='backfill__2026-09-04T00:00:00+00:00', try_number=1, map_index=-1) state success not in running=dict_values([<TaskInstance: sdag_ingesta_diaria.cargar_staging backfill__2026-09-04T00:00:00+00:00 [queued]>])
[2026-09-14T10:01:09.531+0000] {backfill_job_runner.py:464} INFO - [backfill progress] | finished run 2 of 3 | tasks waiting: 3 | succeeded: 12 | running: 0 | failed: 0 | skipped: 0 | deadlocked: 0 | not ready: 3
[2026-09-14T10:01:10.564+0000] {base_executor.py:169} INFO - Adding to queue: ['airflow', 'tasks', 'run', 'sdag_ingesta_diaria', 'validar_staging', 'backfill__2026-09-04T00:00:00+00:00', '--local', '--pool', 'default_pool', '--subdir', 'DAGS_FOLDER/sdag_ingesta_diaria.py', '--cfg-path', '/tmp/tmpgd0kd7ji']
[2026-09-14T10:01:10.590+0000] {job.py:229} INFO - Heartbeat recovered after 10.58 seconds
[2026-09-14T10:01:10.592+0000] {sequential_executor.py:84} INFO - Executing command: ['airflow', 'tasks', 'run', 'sdag_ingesta_diaria', 'validar_staging', 'backfill__2026-09-04T00:00:00+00:00', '--local', '--pool', 'default_pool', '--subdir', 'DAGS_FOLDER/sdag_ingesta_diaria.py', '--cfg-path', '/tmp/tmpgd0kd7ji']
/home/airflow/.local/lib/python3.12/site-packages/airflow/metrics/base_stats_logger.py:22 RemovedInAirflow3Warning: Timer and timing metrics publish in seconds were deprecated. It is enabled by default from Airflow 3 onwards. Enable timer_unit_consistency to publish all the timer and timing metrics in milliseconds.
/home/airflow/.local/lib/python3.12/site-packages/airflow/triggers/base.py:27 RemovedInAirflow3Warning: Timer and timing metrics publish in seconds were deprecated. It is enabled by default from Airflow 3 onwards. Enable timer_unit_consistency to publish all the timer and timing metrics in milliseconds.
[2026-09-14T10:01:12.860+0000] {dagbag.py:588} INFO - Filling up the DagBag from /opt/airflow/dags/sdag_ingesta_diaria.py
[2026-09-14T10:01:16.668+0000] {task_command.py:467} INFO - Running <TaskInstance: sdag_ingesta_diaria.validar_staging backfill__2026-09-04T00:00:00+00:00 [queued]> on host a99e07d6339f
[2026-09-14T10:01:19.477+0000] {backfill_job_runner.py:303} WARNING - TaskInstanceKey(dag_id='sdag_ingesta_diaria', task_id='validar_staging', run_id='backfill__2026-09-04T00:00:00+00:00', try_number=1, map_index=-1) state success not in running=dict_values([<TaskInstance: sdag_ingesta_diaria.validar_staging backfill__2026-09-04T00:00:00+00:00 [queued]>])
[2026-09-14T10:01:19.490+0000] {backfill_job_runner.py:464} INFO - [backfill progress] | finished run 2 of 3 | tasks waiting: 2 | succeeded: 13 | running: 0 | failed: 0 | skipped: 0 | deadlocked: 0 | not ready: 2
[2026-09-14T10:01:20.526+0000] {base_executor.py:169} INFO - Adding to queue: ['airflow', 'tasks', 'run', 'sdag_ingesta_diaria', 'merge_al_destino', 'backfill__2026-09-04T00:00:00+00:00', '--local', '--pool', 'default_pool', '--subdir', 'DAGS_FOLDER/sdag_ingesta_diaria.py', '--cfg-path', '/tmp/tmpl4t27btc']
[2026-09-14T10:01:20.545+0000] {sequential_executor.py:84} INFO - Executing command: ['airflow', 'tasks', 'run', 'sdag_ingesta_diaria', 'merge_al_destino', 'backfill__2026-09-04T00:00:00+00:00', '--local', '--pool', 'default_pool', '--subdir', 'DAGS_FOLDER/sdag_ingesta_diaria.py', '--cfg-path', '/tmp/tmpl4t27btc']
/home/airflow/.local/lib/python3.12/site-packages/airflow/metrics/base_stats_logger.py:22 RemovedInAirflow3Warning: Timer and timing metrics publish in seconds were deprecated. It is enabled by default from Airflow 3 onwards. Enable timer_unit_consistency to publish all the timer and timing metrics in milliseconds.
/home/airflow/.local/lib/python3.12/site-packages/airflow/triggers/base.py:27 RemovedInAirflow3Warning: Timer and timing metrics publish in seconds were deprecated. It is enabled by default from Airflow 3 onwards. Enable timer_unit_consistency to publish all the timer and timing metrics in milliseconds.
[2026-09-14T10:01:22.885+0000] {dagbag.py:588} INFO - Filling up the DagBag from /opt/airflow/dags/sdag_ingesta_diaria.py
[2026-09-14T10:01:26.749+0000] {task_command.py:467} INFO - Running <TaskInstance: sdag_ingesta_diaria.merge_al_destino backfill__2026-09-04T00:00:00+00:00 [queued]> on host a99e07d6339f
[2026-09-14T10:01:31.552+0000] {backfill_job_runner.py:303} WARNING - TaskInstanceKey(dag_id='sdag_ingesta_diaria', task_id='merge_al_destino', run_id='backfill__2026-09-04T00:00:00+00:00', try_number=1, map_index=-1) state success not in running=dict_values([<TaskInstance: sdag_ingesta_diaria.merge_al_destino backfill__2026-09-04T00:00:00+00:00 [queued]>])
[2026-09-14T10:01:31.558+0000] {backfill_job_runner.py:464} INFO - [backfill progress] | finished run 2 of 3 | tasks waiting: 1 | succeeded: 14 | running: 0 | failed: 0 | skipped: 0 | deadlocked: 0 | not ready: 1
[2026-09-14T10:01:32.594+0000] {base_executor.py:169} INFO - Adding to queue: ['airflow', 'tasks', 'run', 'sdag_ingesta_diaria', 'comprobar_destino', 'backfill__2026-09-04T00:00:00+00:00', '--local', '--pool', 'default_pool', '--subdir', 'DAGS_FOLDER/sdag_ingesta_diaria.py', '--cfg-path', '/tmp/tmpa5yjfta3']
[2026-09-14T10:01:32.604+0000] {job.py:229} INFO - Heartbeat recovered after 12.06 seconds
[2026-09-14T10:01:32.605+0000] {sequential_executor.py:84} INFO - Executing command: ['airflow', 'tasks', 'run', 'sdag_ingesta_diaria', 'comprobar_destino', 'backfill__2026-09-04T00:00:00+00:00', '--local', '--pool', 'default_pool', '--subdir', 'DAGS_FOLDER/sdag_ingesta_diaria.py', '--cfg-path', '/tmp/tmpa5yjfta3']
/home/airflow/.local/lib/python3.12/site-packages/airflow/metrics/base_stats_logger.py:22 RemovedInAirflow3Warning: Timer and timing metrics publish in seconds were deprecated. It is enabled by default from Airflow 3 onwards. Enable timer_unit_consistency to publish all the timer and timing metrics in milliseconds.
/home/airflow/.local/lib/python3.12/site-packages/airflow/triggers/base.py:27 RemovedInAirflow3Warning: Timer and timing metrics publish in seconds were deprecated. It is enabled by default from Airflow 3 onwards. Enable timer_unit_consistency to publish all the timer and timing metrics in milliseconds.
[2026-09-14T10:01:34.796+0000] {dagbag.py:588} INFO - Filling up the DagBag from /opt/airflow/dags/sdag_ingesta_diaria.py
[2026-09-14T10:01:38.694+0000] {task_command.py:467} INFO - Running <TaskInstance: sdag_ingesta_diaria.comprobar_destino backfill__2026-09-04T00:00:00+00:00 [queued]> on host a99e07d6339f
[2026-09-14T10:01:41.984+0000] {backfill_job_runner.py:303} WARNING - TaskInstanceKey(dag_id='sdag_ingesta_diaria', task_id='comprobar_destino', run_id='backfill__2026-09-04T00:00:00+00:00', try_number=1, map_index=-1) state success not in running=dict_values([<TaskInstance: sdag_ingesta_diaria.comprobar_destino backfill__2026-09-04T00:00:00+00:00 [queued]>])
[2026-09-14T10:01:41.989+0000] {dagrun.py:854} INFO - Marking run <DagRun sdag_ingesta_diaria @ 2026-09-04 00:00:00+00:00: backfill__2026-09-04T00:00:00+00:00, state:running, queued_at: None. externally triggered: False> successful
[2026-09-14T10:01:41.990+0000] {dagrun.py:905} INFO - DagRun Finished: dag_id=sdag_ingesta_diaria, execution_date=2026-09-04 00:00:00+00:00, run_id=backfill__2026-09-04T00:00:00+00:00, run_start_date=2026-09-14 10:00:51.087456+00:00, run_end_date=2026-09-14 10:01:41.990228+00:00, run_duration=50.902772, state=success, external_trigger=False, run_type=backfill, data_interval_start=2026-09-04 00:00:00+00:00, data_interval_end=2026-09-05 00:00:00+00:00, dag_hash=None
[2026-09-14T10:01:41.991+0000] {backfill_job_runner.py:464} INFO - [backfill progress] | finished run 3 of 3 | tasks waiting: 0 | succeeded: 15 | running: 0 | failed: 0 | skipped: 0 | deadlocked: 0 | not ready: 0
[2026-09-14T10:01:42.998+0000] {backfill_job_runner.py:1051} INFO - Backfill done for DAG <DAG: sdag_ingesta_diaria>. Exiting.
EXIT=0
